Archive member included to satisfy reference by file (symbol)

e:/truestudio for arm 8.0.0/armtools/bin/../lib/gcc/arm-atollic-eabi/6.3.1/../../../../arm-atollic-eabi/lib/armv7e-m/fpu\libc_nano.a(lib_a-init.o)
                              Application\TrueSTUDIO\startup_stm32f405xx.o (__libc_init_array)
e:/truestudio for arm 8.0.0/armtools/bin/../lib/gcc/arm-atollic-eabi/6.3.1/../../../../arm-atollic-eabi/lib/armv7e-m/fpu\libm.a(lib_a-s_cos.o)
                              Application\User\main.o (cos)
e:/truestudio for arm 8.0.0/armtools/bin/../lib/gcc/arm-atollic-eabi/6.3.1/../../../../arm-atollic-eabi/lib/armv7e-m/fpu\libm.a(lib_a-s_sin.o)
                              Application\User\main.o (sin)
e:/truestudio for arm 8.0.0/armtools/bin/../lib/gcc/arm-atollic-eabi/6.3.1/../../../../arm-atollic-eabi/lib/armv7e-m/fpu\libm.a(lib_a-w_atan2.o)
                              Application\User\main.o (atan2)
e:/truestudio for arm 8.0.0/armtools/bin/../lib/gcc/arm-atollic-eabi/6.3.1/../../../../arm-atollic-eabi/lib/armv7e-m/fpu\libm.a(lib_a-w_pow.o)
                              Application\User\BMP280.o (pow)
e:/truestudio for arm 8.0.0/armtools/bin/../lib/gcc/arm-atollic-eabi/6.3.1/../../../../arm-atollic-eabi/lib/armv7e-m/fpu\libm.a(lib_a-w_sqrt.o)
                              Application\User\main.o (sqrt)
e:/truestudio for arm 8.0.0/armtools/bin/../lib/gcc/arm-atollic-eabi/6.3.1/../../../../arm-atollic-eabi/lib/armv7e-m/fpu\libm.a(lib_a-e_atan2.o)
                              e:/truestudio for arm 8.0.0/armtools/bin/../lib/gcc/arm-atollic-eabi/6.3.1/../../../../arm-atollic-eabi/lib/armv7e-m/fpu\libm.a(lib_a-w_atan2.o) (__ieee754_atan2)
e:/truestudio for arm 8.0.0/armtools/bin/../lib/gcc/arm-atollic-eabi/6.3.1/../../../../arm-atollic-eabi/lib/armv7e-m/fpu\libm.a(lib_a-e_pow.o)
                              e:/truestudio for arm 8.0.0/armtools/bin/../lib/gcc/arm-atollic-eabi/6.3.1/../../../../arm-atollic-eabi/lib/armv7e-m/fpu\libm.a(lib_a-w_pow.o) (__ieee754_pow)
e:/truestudio for arm 8.0.0/armtools/bin/../lib/gcc/arm-atollic-eabi/6.3.1/../../../../arm-atollic-eabi/lib/armv7e-m/fpu\libm.a(lib_a-e_rem_pio2.o)
                              e:/truestudio for arm 8.0.0/armtools/bin/../lib/gcc/arm-atollic-eabi/6.3.1/../../../../arm-atollic-eabi/lib/armv7e-m/fpu\libm.a(lib_a-s_cos.o) (__ieee754_rem_pio2)
e:/truestudio for arm 8.0.0/armtools/bin/../lib/gcc/arm-atollic-eabi/6.3.1/../../../../arm-atollic-eabi/lib/armv7e-m/fpu\libm.a(lib_a-e_sqrt.o)
                              e:/truestudio for arm 8.0.0/armtools/bin/../lib/gcc/arm-atollic-eabi/6.3.1/../../../../arm-atollic-eabi/lib/armv7e-m/fpu\libm.a(lib_a-w_sqrt.o) (__ieee754_sqrt)
e:/truestudio for arm 8.0.0/armtools/bin/../lib/gcc/arm-atollic-eabi/6.3.1/../../../../arm-atollic-eabi/lib/armv7e-m/fpu\libm.a(lib_a-k_cos.o)
                              e:/truestudio for arm 8.0.0/armtools/bin/../lib/gcc/arm-atollic-eabi/6.3.1/../../../../arm-atollic-eabi/lib/armv7e-m/fpu\libm.a(lib_a-s_cos.o) (__kernel_cos)
e:/truestudio for arm 8.0.0/armtools/bin/../lib/gcc/arm-atollic-eabi/6.3.1/../../../../arm-atollic-eabi/lib/armv7e-m/fpu\libm.a(lib_a-k_rem_pio2.o)
                              e:/truestudio for arm 8.0.0/armtools/bin/../lib/gcc/arm-atollic-eabi/6.3.1/../../../../arm-atollic-eabi/lib/armv7e-m/fpu\libm.a(lib_a-e_rem_pio2.o) (__kernel_rem_pio2)
e:/truestudio for arm 8.0.0/armtools/bin/../lib/gcc/arm-atollic-eabi/6.3.1/../../../../arm-atollic-eabi/lib/armv7e-m/fpu\libm.a(lib_a-k_sin.o)
                              e:/truestudio for arm 8.0.0/armtools/bin/../lib/gcc/arm-atollic-eabi/6.3.1/../../../../arm-atollic-eabi/lib/armv7e-m/fpu\libm.a(lib_a-s_cos.o) (__kernel_sin)
e:/truestudio for arm 8.0.0/armtools/bin/../lib/gcc/arm-atollic-eabi/6.3.1/../../../../arm-atollic-eabi/lib/armv7e-m/fpu\libm.a(lib_a-s_atan.o)
                              e:/truestudio for arm 8.0.0/armtools/bin/../lib/gcc/arm-atollic-eabi/6.3.1/../../../../arm-atollic-eabi/lib/armv7e-m/fpu\libm.a(lib_a-e_atan2.o) (atan)
e:/truestudio for arm 8.0.0/armtools/bin/../lib/gcc/arm-atollic-eabi/6.3.1/../../../../arm-atollic-eabi/lib/armv7e-m/fpu\libm.a(lib_a-s_fabs.o)
                              e:/truestudio for arm 8.0.0/armtools/bin/../lib/gcc/arm-atollic-eabi/6.3.1/../../../../arm-atollic-eabi/lib/armv7e-m/fpu\libm.a(lib_a-e_atan2.o) (fabs)
e:/truestudio for arm 8.0.0/armtools/bin/../lib/gcc/arm-atollic-eabi/6.3.1/../../../../arm-atollic-eabi/lib/armv7e-m/fpu\libm.a(lib_a-s_finite.o)
                              e:/truestudio for arm 8.0.0/armtools/bin/../lib/gcc/arm-atollic-eabi/6.3.1/../../../../arm-atollic-eabi/lib/armv7e-m/fpu\libm.a(lib_a-w_pow.o) (finite)
e:/truestudio for arm 8.0.0/armtools/bin/../lib/gcc/arm-atollic-eabi/6.3.1/../../../../arm-atollic-eabi/lib/armv7e-m/fpu\libm.a(lib_a-s_floor.o)
                              e:/truestudio for arm 8.0.0/armtools/bin/../lib/gcc/arm-atollic-eabi/6.3.1/../../../../arm-atollic-eabi/lib/armv7e-m/fpu\libm.a(lib_a-k_rem_pio2.o) (floor)
[...]
Memory Configuration

Name             Origin             Length             Attributes
RAM              0x20000000         0x00020000         xrw
CCMRAM           0x10000000         0x00010000         rw
FLASH            0x08000000         0x00100000         xr
*default*        0x00000000         0xffffffff

Linker script and memory map

LOAD e:/truestudio for arm 8.0.0/armtools/bin/../lib/gcc/arm-atollic-eabi/6.3.1/armv7e-m/fpu/crti.o
LOAD e:/truestudio for arm 8.0.0/armtools/bin/../lib/gcc/arm-atollic-eabi/6.3.1/armv7e-m/fpu/crtbegin.o
LOAD Application\TrueSTUDIO\startup_stm32f405xx.o
LOAD Application\User\BMP280.o
LOAD Application\User\MPU9250.o
LOAD Application\User\PID.o
LOAD Application\User\Parser.o
LOAD Application\User\main.o
LOAD Application\User\stm32f4xx_hal_msp.o
LOAD Application\User\stm32f4xx_it.o
LOAD Drivers\CMSIS\system_stm32f4xx.o
LOAD Drivers\STM32F4xx_HAL_Driver\stm32f4xx_hal.o
LOAD Drivers\STM32F4xx_HAL_Driver\stm32f4xx_hal_adc.o
LOAD Drivers\STM32F4xx_HAL_Driver\stm32f4xx_hal_adc_ex.o
LOAD Drivers\STM32F4xx_HAL_Driver\stm32f4xx_hal_can.o
LOAD Drivers\STM32F4xx_HAL_Driver\stm32f4xx_hal_cortex.o
LOAD Drivers\STM32F4xx_HAL_Driver\stm32f4xx_hal_dma.o
LOAD Drivers\STM32F4xx_HAL_Driver\stm32f4xx_hal_dma_ex.o
LOAD Drivers\STM32F4xx_HAL_Driver\stm32f4xx_hal_flash.o
LOAD Drivers\STM32F4xx_HAL_Driver\stm32f4xx_hal_flash_ex.o
LOAD Drivers\STM32F4xx_HAL_Driver\stm32f4xx_hal_flash_ramfunc.o
LOAD Drivers\STM32F4xx_HAL_Driver\stm32f4xx_hal_gpio.o
LOAD Drivers\STM32F4xx_HAL_Driver\stm32f4xx_hal_i2c.o
LOAD Drivers\STM32F4xx_HAL_Driver\stm32f4xx_hal_i2c_ex.o
LOAD Drivers\STM32F4xx_HAL_Driver\stm32f4xx_hal_iwdg.o
LOAD Drivers\STM32F4xx_HAL_Driver\stm32f4xx_hal_pwr.o
LOAD Drivers\STM32F4xx_HAL_Driver\stm32f4xx_hal_pwr_ex.o
LOAD Drivers\STM32F4xx_HAL_Driver\stm32f4xx_hal_rcc.o
LOAD Drivers\STM32F4xx_HAL_Driver\stm32f4xx_hal_rcc_ex.o
LOAD Drivers\STM32F4xx_HAL_Driver\stm32f4xx_hal_tim.o
LOAD Drivers\STM32F4xx_HAL_Driver\stm32f4xx_hal_tim_ex.o
LOAD Drivers\STM32F4xx_HAL_Driver\stm32f4xx_hal_uart.o
                0x00000080                malloc_getpagesize_P = 0x80
START GROUP
LOAD e:/truestudio for arm 8.0.0/armtools/bin/../lib/gcc/arm-atollic-eabi/6.3.1/../../../../arm-atollic-eabi/lib/armv7e-m/fpu\libc_nano.a
LOAD e:/truestudio for arm 8.0.0/armtools/bin/../lib/gcc/arm-atollic-eabi/6.3.1/../../../../arm-atollic-eabi/lib/armv7e-m/fpu\libm.a
END GROUP
START GROUP
LOAD e:/truestudio for arm 8.0.0/armtools/bin/../lib/gcc/arm-atollic-eabi/6.3.1/armv7e-m/fpu\libgcc.a
LOAD e:/truestudio for arm 8.0.0/armtools/bin/../lib/gcc/arm-atollic-eabi/6.3.1/../../../../arm-atollic-eabi/lib/armv7e-m/fpu\libc_nano.a
END GROUP
START GROUP
LOAD e:/truestudio for arm 8.0.0/armtools/bin/../lib/gcc/arm-atollic-eabi/6.3.1/armv7e-m/fpu\libgcc.a
LOAD e:/truestudio for arm 8.0.0/armtools/bin/../lib/gcc/arm-atollic-eabi/6.3.1/../../../../arm-atollic-eabi/lib/armv7e-m/fpu\libc_nano.a
LOAD e:/truestudio for arm 8.0.0/armtools/bin/../lib/gcc/arm-atollic-eabi/6.3.1/../../../../arm-atollic-eabi/lib/armv7e-m/fpu\libnosys.a
END GROUP
START GROUP
LOAD e:/truestudio for arm 8.0.0/armtools/bin/../lib/gcc/arm-atollic-eabi/6.3.1/armv7e-m/fpu\libgcc.a
LOAD e:/truestudio for arm 8.0.0/armtools/bin/../lib/gcc/arm-atollic-eabi/6.3.1/../../../../arm-atollic-eabi/lib/armv7e-m/fpu\libc_nano.a
LOAD e:/truestudio for arm 8.0.0/armtools/bin/../lib/gcc/arm-atollic-eabi/6.3.1/../../../../arm-atollic-eabi/lib/armv7e-m/fpu\libnosys.a
END GROUP
LOAD e:/truestudio for arm 8.0.0/armtools/bin/../lib/gcc/arm-atollic-eabi/6.3.1/armv7e-m/fpu/crtend.o
LOAD e:/truestudio for arm 8.0.0/armtools/bin/../lib/gcc/arm-atollic-eabi/6.3.1/armv7e-m/fpu/crtn.o
                0x20020000                _estack = 0x20020000
                0x00008000                _Min_Heap_Size = 0x8000
                0x00008000                _Min_Stack_Size = 0x8000

.isr_vector     0x08000000      0x188
                0x08000000                . = ALIGN (0x4)
 *(.isr_vector)
 .isr_vector    0x08000000      0x188 Application\TrueSTUDIO\startup_stm32f405xx.o
                0x08000000                g_pfnVectors
                0x08000188                . = ALIGN (0x4)

.text           0x08000188     0xa124
                0x08000188                . = ALIGN (0x4)
 *(.text)
 .text          0x08000188       0x40 e:/truestudio for arm 8.0.0/armtools/bin/../lib/gcc/arm-atollic-eabi/6.3.1/armv7e-m/fpu/crtbegin.o
 .text          0x080001c8      0x370 e:/truestudio for arm 8.0.0/armtools/bin/../lib/gcc/arm-atollic-eabi/6.3.1/armv7e-m/fpu\libgcc.a(_arm_addsubdf3.o)
                0x080001c8                __aeabi_drsub
                0x080001d0                __aeabi_dsub
                0x080001d0                __subdf3
                0x080001d4                __aeabi_dadd
                0x080001d4                __adddf3
                0x0800044c                __floatunsidf
                0x0800044c                __aeabi_ui2d
                0x0800046c                __floatsidf
                0x0800046c                __aeabi_i2d
                0x08000490                __aeabi_f2d
                0x08000490                __extendsfdf2
                0x080004cc                __floatundidf
                0x080004cc                __aeabi_ul2d
                0x080004dc                __floatdidf
                0x080004dc                __aeabi_l2d
 .text          0x08000538      0x424 e:/truestudio for arm 8.0.0/armtools/bin/../lib/gcc/arm-atollic-eabi/6.3.1/armv7e-m/fpu\libgcc.a(_arm_muldivdf3.o)
                0x08000538                __aeabi_dmul
                0x08000538                __muldf3
                0x0800078c                __divdf3
                0x0800078c                __aeabi_ddiv
 .text          0x0800095c      0x110 e:/truestudio for arm 8.0.0/armtools/bin/../lib/gcc/arm-atollic-eabi/6.3.1/armv7e-m/fpu\libgcc.a(_arm_cmpdf2.o)
                0x0800095c                __gtdf2
                0x0800095c                __gedf2
                0x08000964                __ltdf2
                0x08000964                __ledf2
                0x0800096c                __nedf2
                0x0800096c                __eqdf2
                0x0800096c                __cmpdf2
                0x080009e8                __aeabi_cdrcmple
                0x080009f8                __aeabi_cdcmpeq
                0x080009f8                __aeabi_cdcmple
                0x08000a08                __aeabi_dcmpeq
                0x08000a1c                __aeabi_dcmplt
                0x08000a30                __aeabi_dcmple
                0x08000a44                __aeabi_dcmpge
                0x08000a58                __aeabi_dcmpgt
 .text          0x08000a6c       0x2c e:/truestudio for arm 8.0.0/armtools/bin/../lib/gcc/arm-atollic-eabi/6.3.1/armv7e-m/fpu\libgcc.a(_arm_unorddf2.o)
                0x08000a6c                __unorddf2
                0x08000a6c                __aeabi_dcmpun
 .text          0x08000a98       0x50 e:/truestudio for arm 8.0.0/armtools/bin/../lib/gcc/arm-atollic-eabi/6.3.1/armv7e-m/fpu\libgcc.a(_arm_fixdfsi.o)
                0x08000a98                __aeabi_d2iz
                0x08000a98                __fixdfsi
 .text          0x08000ae8       0x40 e:/truestudio for arm 8.0.0/armtools/bin/../lib/gcc/arm-atollic-eabi/6.3.1/armv7e-m/fpu\libgcc.a(_arm_fixunsdfsi.o)
                0x08000ae8                __aeabi_d2uiz
                0x08000ae8                __fixunsdfsi
 *(.text*)
 .text.Reset_Handler
                0x08000b28       0x50 Application\TrueSTUDIO\startup_stm32f405xx.o
                0x08000b28                Reset_Handler
 .text.Default_Handler
                0x08000b78        0x2 Application\TrueSTUDIO\startup_stm32f405xx.o
                0x08000b78                RTC_Alarm_IRQHandler
                0x08000b78                HASH_RNG_IRQHandler
                0x08000b78                TIM8_CC_IRQHandler
                0x08000b78                TIM1_CC_IRQHandler
                0x08000b78                DMA2_Stream5_IRQHandler
                0x08000b78                PVD_IRQHandler
                0x08000b78                SDIO_IRQHandler
                0x08000b78                TAMP_STAMP_IRQHandler
                0x08000b78                CAN2_RX1_IRQHandler
                0x08000b78                TIM8_TRG_COM_TIM14_IRQHandler
                0x08000b78                TIM1_UP_TIM10_IRQHandler
                0x08000b78                TIM8_UP_TIM13_IRQHandler
                0x08000b78                I2C3_ER_IRQHandler
                0x08000b78                EXTI0_IRQHandler
                0x08000b78                I2C2_EV_IRQHandler
                0x08000b78                DMA1_Stream2_IRQHandler
                0x08000b78                CAN1_RX0_IRQHandler
                0x08000b78                FPU_IRQHandler
                0x08000b78                OTG_HS_WKUP_IRQHandler
                0x08000b78                CAN2_SCE_IRQHandler
                0x08000b78                DMA2_Stream2_IRQHandler
                0x08000b78                SPI1_IRQHandler
                0x08000b78                TIM1_BRK_TIM9_IRQHandler
                0x08000b78                CAN2_RX0_IRQHandler
                0x08000b78                DMA2_Stream3_IRQHandler
                0x08000b78                USART3_IRQHandler
                0x08000b78                CAN1_RX1_IRQHandler
                0x08000b78                DMA2_Stream0_IRQHandler
                0x08000b78                TIM4_IRQHandler
                0x08000b78                DMA1_Stream6_IRQHandler
                0x08000b78                DMA1_Stream1_IRQHandler
                0x08000b78                TIM3_IRQHandler
                0x08000b78                RCC_IRQHandler
                0x08000b78                TIM8_BRK_TIM12_IRQHandler
                0x08000b78                Default_Handler
                0x08000b78                DMA1_Stream7_IRQHandler
                0x08000b78                TIM7_IRQHandler
                0x08000b78                CAN2_TX_IRQHandler
                0x08000b78                TIM5_IRQHandler
                0x08000b78                DMA2_Stream7_IRQHandler
                0x08000b78                I2C3_EV_IRQHandler
                0x08000b78                RTC_WKUP_IRQHandler
                0x08000b78                SPI2_IRQHandler
                0x08000b78                OTG_HS_EP1_IN_IRQHandler
                0x08000b78                CAN1_TX_IRQHandler
                0x08000b78                FSMC_IRQHandler
                0x08000b78                OTG_HS_EP1_OUT_IRQHandler
                0x08000b78                WWDG_IRQHandler
                0x08000b78                TIM2_IRQHandler
                0x08000b78                OTG_FS_WKUP_IRQHandler
                0x08000b78                TIM1_TRG_COM_TIM11_IRQHandler
                0x08000b78                OTG_HS_IRQHandler
                0x08000b78                USART2_IRQHandler
                0x08000b78                I2C2_ER_IRQHandler
                0x08000b78                DMA2_Stream1_IRQHandler
                0x08000b78                CAN1_SCE_IRQHandler
                0x08000b78                FLASH_IRQHandler
                0x08000b78                DMA2_Stream4_IRQHandler
                0x08000b78                USART1_IRQHandler
                0x08000b78                OTG_FS_IRQHandler
                0x08000b78                SPI3_IRQHandler
                0x08000b78                I2C1_ER_IRQHandler
                0x08000b78                DMA2_Stream6_IRQHandler
                0x08000b78                DMA1_Stream3_IRQHandler
 *fill*         0x08000b7a        0x2 
 .text.write8   0x08000b7c       0x24 Application\User\BMP280.o
                0x08000b7c                write8
 .text.BMP280_Init
                0x08000ba0       0xc4 Application\User\BMP280.o
                0x08000ba0                BMP280_Init
 .text.readPandT
                0x08000c64       0x28 Application\User\BMP280.o
                0x08000c64                readPandT
 .text.calcDoubleBMP280Temperature
                0x08000c8c      0x100 Application\User\BMP280.o
                0x08000c8c                calcDoubleBMP280Temperature
 *fill*         0x08000d8c        0x4 
 .text.calcDoubleBMP280Pressure
                0x08000d90      0x228 Application\User\BMP280.o
                0x08000d90                calcDoubleBMP280Pressure
 .text.calcDoubleBMP280Altitude
                0x08000fb8       0x50 Application\User\BMP280.o
                0x08000fb8                calcDoubleBMP280Altitude
 .text.MPU9250_Init
                0x08001008      0x31c Application\User\MPU9250.o
                0x08001008                MPU9250_Init
 *fill*         0x08001324        0x4 
 .text.setPIDFactors
                0x08001328       0xfc Application\User\PID.o
                0x08001328                setPIDFactors
 *fill*         0x08001424        0x4 
 .text.ComputePIDRoll
                0x08001428      0x1d8 Application\User\PID.o
                0x08001428                ComputePIDRoll
 .text.ComputePIDPitch
                0x08001600      0x1d8 Application\User\PID.o
                0x08001600                ComputePIDPitch
 .text.ComputePIDYaw
                0x080017d8      0x1d0 Application\User\PID.o
                0x080017d8                ComputePIDYaw
 .text.parseFlightMonitorData
                0x080019a8      0x4fc Application\User\Parser.o
                0x080019a8                parseFlightMonitorData
 .text.HAL_UART_RxCpltCallback
                0x08001ea4       0xb0 Application\User\main.o
                0x08001ea4                HAL_UART_RxCpltCallback
 .text.HAL_UART_TxCpltCallback
                0x08001f54       0x34 Application\User\main.o
                0x08001f54                HAL_UART_TxCpltCallback
 .text.HAL_I2C_MemRxCpltCallback
                0x08001f88      0x3ac Application\User\main.o
                0x08001f88                HAL_I2C_MemRxCpltCallback
 .text.doTransmit
                0x08002334      0x2f0 Application\User\main.o
                0x08002334                doTransmit
 .text.clearPIDdata
                0x08002624       0xf8 Application\User\main.o
                0x08002624                clearPIDdata
 *fill*         0x0800271c        0x4 
 .text.setCalibrationValues
                0x08002720       0xd8 Application\User\main.o
                0x08002720                setCalibrationValues
 .text.calibrateMPU9250AccelerometerAndGyro
                0x080027f8      0x1d0 Application\User\main.o
                0x080027f8                calibrateMPU9250AccelerometerAndGyro
 .text.calibrateMPU9250Magnetometer
                0x080029c8      0x1ec Application\User\main.o
                0x080029c8                calibrateMPU9250Magnetometer
 .text.CAN_Motor_Stop
                0x08002bb4       0xd4 Application\User\main.o
                0x08002bb4                CAN_Motor_Stop
 .text.CAN_Motor_Start
                0x08002c88       0xe8 Application\User\main.o
                0x08002c88                CAN_Motor_Start
 .text.Read_Futaba
                0x08002d70      0x494 Application\User\main.o
                0x08002d70                Read_Futaba
 .text.SystemClock_Config
                0x08003204       0xb0 Application\User\main.o
                0x08003204                SystemClock_Config
 *fill*         0x080032b4        0x4 
 .text.startup.main
                0x080032b8     0x1204 Application\User\main.o
                0x080032b8                main
 .text._Error_Handler
                0x080044bc        0x2 Application\User\main.o
                0x080044bc                _Error_Handler
 .text.HAL_MspInit
                0x080044be       0x60 Application\User\stm32f4xx_hal_msp.o
                0x080044be                HAL_MspInit
 *fill*         0x0800451e        0x2 
 .text.HAL_ADC_MspInit
                0x08004520       0x44 Application\User\stm32f4xx_hal_msp.o
                0x08004520                HAL_ADC_MspInit
 .text.HAL_CAN_MspInit
                0x08004564       0x50 Application\User\stm32f4xx_hal_msp.o
                0x08004564                HAL_CAN_MspInit
 .text.HAL_I2C_MspInit
                0x080045b4       0xa4 Application\User\stm32f4xx_hal_msp.o
                0x080045b4                HAL_I2C_MspInit
 .text.HAL_TIM_PWM_MspInit
                0x08004658       0x30 Application\User\stm32f4xx_hal_msp.o
                0x08004658                HAL_TIM_PWM_MspInit
 .text.HAL_TIM_Base_MspInit
                0x08004688       0x64 Application\User\stm32f4xx_hal_msp.o
                0x08004688                HAL_TIM_Base_MspInit
 .text.HAL_TIM_MspPostInit
                0x080046ec       0x30 Application\User\stm32f4xx_hal_msp.o
                0x080046ec                HAL_TIM_MspPostInit
 .text.HAL_UART_MspInit
                0x0800471c      0x184 Application\User\stm32f4xx_hal_msp.o
                0x0800471c                HAL_UART_MspInit
 .text.NMI_Handler
                0x080048a0        0x2 Application\User\stm32f4xx_it.o
                0x080048a0                NMI_Handler
 .text.HardFault_Handler
                0x080048a2        0x2 Application\User\stm32f4xx_it.o
                0x080048a2                HardFault_Handler
 .text.MemManage_Handler
                0x080048a4        0x2 Application\User\stm32f4xx_it.o
                0x080048a4                MemManage_Handler
 .text.BusFault_Handler
                0x080048a6        0x2 Application\User\stm32f4xx_it.o
                0x080048a6                BusFault_Handler
 .text.UsageFault_Handler
                0x080048a8        0x2 Application\User\stm32f4xx_it.o
                0x080048a8                UsageFault_Handler
 .text.SVC_Handler
                0x080048aa        0x2 Application\User\stm32f4xx_it.o
                0x080048aa                SVC_Handler
 .text.DebugMon_Handler
                0x080048ac        0x2 Application\User\stm32f4xx_it.o
                0x080048ac                DebugMon_Handler
 .text.PendSV_Handler
                0x080048ae        0x2 Application\User\stm32f4xx_it.o
                0x080048ae                PendSV_Handler
 .text.SysTick_Handler
                0x080048b0        0xe Application\User\stm32f4xx_it.o
                0x080048b0                SysTick_Handler
 *fill*         0x080048be        0x2 
 .text.EXTI1_IRQHandler
                0x080048c0       0x70 Application\User\stm32f4xx_it.o
                0x080048c0                EXTI1_IRQHandler
 .text.EXTI2_IRQHandler
                0x08004930       0x18 Application\User\stm32f4xx_it.o
                0x08004930                EXTI2_IRQHandler
 .text.EXTI3_IRQHandler
                0x08004948       0x18 Application\User\stm32f4xx_it.o
                0x08004948                EXTI3_IRQHandler
 .text.EXTI4_IRQHandler
                0x08004960       0x18 Application\User\stm32f4xx_it.o
                0x08004960                EXTI4_IRQHandler
 .text.DMA1_Stream0_IRQHandler
                0x08004978        0xc Application\User\stm32f4xx_it.o
                0x08004978                DMA1_Stream0_IRQHandler
 .text.DMA1_Stream4_IRQHandler
                0x08004984        0xc Application\User\stm32f4xx_it.o
                0x08004984                DMA1_Stream4_IRQHandler
 .text.DMA1_Stream5_IRQHandler
                0x08004990        0xc Application\User\stm32f4xx_it.o
                0x08004990                DMA1_Stream5_IRQHandler
 .text.ADC_IRQHandler
                0x0800499c        0xc Application\User\stm32f4xx_it.o
                0x0800499c                ADC_IRQHandler
 .text.EXTI9_5_IRQHandler
                0x080049a8       0x44 Application\User\stm32f4xx_it.o
                0x080049a8                EXTI9_5_IRQHandler
 .text.I2C1_EV_IRQHandler
                0x080049ec        0xc Application\User\stm32f4xx_it.o
                0x080049ec                I2C1_EV_IRQHandler
 .text.EXTI15_10_IRQHandler
                0x080049f8       0x60 Application\User\stm32f4xx_it.o
                0x080049f8                EXTI15_10_IRQHandler
 .text.UART4_IRQHandler
                0x08004a58        0xc Application\User\stm32f4xx_it.o
                0x08004a58                UART4_IRQHandler
 .text.UART5_IRQHandler
                0x08004a64        0xc Application\User\stm32f4xx_it.o
                0x08004a64                UART5_IRQHandler
 .text.TIM6_DAC_IRQHandler
                0x08004a70       0x14 Application\User\stm32f4xx_it.o
                0x08004a70                TIM6_DAC_IRQHandler
 .text.USART6_IRQHandler
                0x08004a84        0xc Application\User\stm32f4xx_it.o
                0x08004a84                USART6_IRQHandler
 .text.SystemInit
                0x08004a90       0x4c Drivers\CMSIS\system_stm32f4xx.o
                0x08004a90                SystemInit
 .text.HAL_InitTick
                0x08004adc       0x28 Drivers\STM32F4xx_HAL_Driver\stm32f4xx_hal.o
                0x08004adc                HAL_InitTick
 .text.HAL_Init
                0x08004b04       0x34 Drivers\STM32F4xx_HAL_Driver\stm32f4xx_hal.o
                0x08004b04                HAL_Init
 .text.HAL_IncTick
                0x08004b38       0x10 Drivers\STM32F4xx_HAL_Driver\stm32f4xx_hal.o
                0x08004b38                HAL_IncTick
 .text.HAL_GetTick
                0x08004b48        0xc Drivers\STM32F4xx_HAL_Driver\stm32f4xx_hal.o
                0x08004b48                HAL_GetTick
 .text.HAL_Delay
                0x08004b54       0x20 Drivers\STM32F4xx_HAL_Driver\stm32f4xx_hal.o
                0x08004b54                HAL_Delay
 .text.HAL_ADC_Init
                0x08004b74      0x154 Drivers\STM32F4xx_HAL_Driver\stm32f4xx_hal_adc.o
                0x08004b74                HAL_ADC_Init
 .text.HAL_ADC_Start
                0x08004cc8       0xc0 Drivers\STM32F4xx_HAL_Driver\stm32f4xx_hal_adc.o
                0x08004cc8                HAL_ADC_Start
 .text.HAL_ADC_Stop
                0x08004d88       0x3c Drivers\STM32F4xx_HAL_Driver\stm32f4xx_hal_adc.o
                0x08004d88                HAL_ADC_Stop
 .text.HAL_ADC_PollForConversion
                0x08004dc4       0xa0 Drivers\STM32F4xx_HAL_Driver\stm32f4xx_hal_adc.o
                0x08004dc4                HAL_ADC_PollForConversion
 .text.HAL_ADC_GetValue
                0x08004e64        0x6 Drivers\STM32F4xx_HAL_Driver\stm32f4xx_hal_adc.o
                0x08004e64                HAL_ADC_GetValue
 .text.HAL_ADC_ConvCpltCallback
                0x08004e6a        0x2 Drivers\STM32F4xx_HAL_Driver\stm32f4xx_hal_adc.o
                0x08004e6a                HAL_ADC_ConvCpltCallback
 .text.HAL_ADC_LevelOutOfWindowCallback
                0x08004e6c        0x2 Drivers\STM32F4xx_HAL_Driver\stm32f4xx_hal_adc.o
                0x08004e6c                HAL_ADC_LevelOutOfWindowCallback
 .text.HAL_ADC_ErrorCallback
                0x08004e6e        0x2 Drivers\STM32F4xx_HAL_Driver\stm32f4xx_hal_adc.o
                0x08004e6e                HAL_ADC_ErrorCallback
 .text.HAL_ADC_IRQHandler
                0x08004e70      0x128 Drivers\STM32F4xx_HAL_Driver\stm32f4xx_hal_adc.o
                0x08004e70                HAL_ADC_IRQHandler
 .text.HAL_ADC_ConfigChannel
                0x08004f98      0x12c Drivers\STM32F4xx_HAL_Driver\stm32f4xx_hal_adc.o
                0x08004f98                HAL_ADC_ConfigChannel
 .text.HAL_ADCEx_InjectedConvCpltCallback
                0x080050c4        0x2 Drivers\STM32F4xx_HAL_Driver\stm32f4xx_hal_adc_ex.o
                0x080050c4                HAL_ADCEx_InjectedConvCpltCallback
 .text.HAL_CAN_Init
                0x080050c6      0x12a Drivers\STM32F4xx_HAL_Driver\stm32f4xx_hal_can.o
                0x080050c6                HAL_CAN_Init
 .text.HAL_CAN_Transmit_IT
                0x080051f0       0xf0 Drivers\STM32F4xx_HAL_Driver\stm32f4xx_hal_can.o
                0x080051f0                HAL_CAN_Transmit_IT
 .text.HAL_NVIC_SetPriorityGrouping
                0x080052e0       0x24 Drivers\STM32F4xx_HAL_Driver\stm32f4xx_hal_cortex.o
                0x080052e0                HAL_NVIC_SetPriorityGrouping
 .text.HAL_NVIC_SetPriority
                0x08005304       0x68 Drivers\STM32F4xx_HAL_Driver\stm32f4xx_hal_cortex.o
                0x08005304                HAL_NVIC_SetPriority
 .text.HAL_NVIC_EnableIRQ
                0x0800536c       0x18 Drivers\STM32F4xx_HAL_Driver\stm32f4xx_hal_cortex.o
                0x0800536c                HAL_NVIC_EnableIRQ
 .text.HAL_SYSTICK_Config
                0x08005384       0x2c Drivers\STM32F4xx_HAL_Driver\stm32f4xx_hal_cortex.o
                0x08005384                HAL_SYSTICK_Config
 .text.HAL_SYSTICK_CLKSourceConfig
                0x080053b0       0x18 Drivers\STM32F4xx_HAL_Driver\stm32f4xx_hal_cortex.o
                0x080053b0                HAL_SYSTICK_CLKSourceConfig
 .text.HAL_SYSTICK_Callback
                0x080053c8        0x2 Drivers\STM32F4xx_HAL_Driver\stm32f4xx_hal_cortex.o
                0x080053c8                HAL_SYSTICK_Callback
 .text.HAL_SYSTICK_IRQHandler
                0x080053ca        0x8 Drivers\STM32F4xx_HAL_Driver\stm32f4xx_hal_cortex.o
                0x080053ca                HAL_SYSTICK_IRQHandler
 *fill*         0x080053d2        0x2 
 .text.DMA_CalcBaseAndBitshift
                0x080053d4       0x2c Drivers\STM32F4xx_HAL_Driver\stm32f4xx_hal_dma.o
 .text.HAL_DMA_Init
                0x08005400       0xfc Drivers\STM32F4xx_HAL_Driver\stm32f4xx_hal_dma.o
                0x08005400                HAL_DMA_Init
 .text.HAL_DMA_Start_IT
                0x080054fc       0x7c Drivers\STM32F4xx_HAL_Driver\stm32f4xx_hal_dma.o
                0x080054fc                HAL_DMA_Start_IT
 .text.HAL_DMA_Abort_IT
                0x08005578       0x24 Drivers\STM32F4xx_HAL_Driver\stm32f4xx_hal_dma.o
                0x08005578                HAL_DMA_Abort_IT
 .text.HAL_DMA_IRQHandler
                0x0800559c      0x17c Drivers\STM32F4xx_HAL_Driver\stm32f4xx_hal_dma.o
                0x0800559c                HAL_DMA_IRQHandler
 .text.HAL_GPIO_Init
                0x08005718      0x1c0 Drivers\STM32F4xx_HAL_Driver\stm32f4xx_hal_gpio.o
                0x08005718                HAL_GPIO_Init
 .text.HAL_GPIO_WritePin
                0x080058d8        0xa Drivers\STM32F4xx_HAL_Driver\stm32f4xx_hal_gpio.o
                0x080058d8                HAL_GPIO_WritePin
 .text.HAL_GPIO_EXTI_Callback
                0x080058e2        0x2 Drivers\STM32F4xx_HAL_Driver\stm32f4xx_hal_gpio.o
                0x080058e2                HAL_GPIO_EXTI_Callback
 .text.HAL_GPIO_EXTI_IRQHandler
                0x080058e4       0x18 Drivers\STM32F4xx_HAL_Driver\stm32f4xx_hal_gpio.o
                0x080058e4                HAL_GPIO_EXTI_IRQHandler
 .text.I2C_IsAcknowledgeFailed
                0x080058fc       0x2a Drivers\STM32F4xx_HAL_Driver\stm32f4xx_hal_i2c.o
 .text.I2C_WaitOnMasterAddressFlagUntilTimeout
                0x08005926       0x80 Drivers\STM32F4xx_HAL_Driver\stm32f4xx_hal_i2c.o
 .text.I2C_WaitOnFlagUntilTimeout
                0x080059a6       0x5c Drivers\STM32F4xx_HAL_Driver\stm32f4xx_hal_i2c.o
 .text.I2C_WaitOnTXEFlagUntilTimeout
                0x08005a02       0x4c Drivers\STM32F4xx_HAL_Driver\stm32f4xx_hal_i2c.o
 *fill*         0x08005a4e        0x2 
 .text.I2C_RequestMemoryRead
                0x08005a50       0xf4 Drivers\STM32F4xx_HAL_Driver\stm32f4xx_hal_i2c.o
 .text.I2C_WaitOnRXNEFlagUntilTimeout
                0x08005b44       0x5a Drivers\STM32F4xx_HAL_Driver\stm32f4xx_hal_i2c.o
 .text.I2C_WaitOnBTFFlagUntilTimeout
                0x08005b9e       0x4c Drivers\STM32F4xx_HAL_Driver\stm32f4xx_hal_i2c.o
 *fill*         0x08005bea        0x2 
 .text.HAL_I2C_Init
                0x08005bec       0xdc Drivers\STM32F4xx_HAL_Driver\stm32f4xx_hal_i2c.o
                0x08005bec                HAL_I2C_Init
 .text.HAL_I2C_Master_Transmit
                0x08005cc8      0x1ac Drivers\STM32F4xx_HAL_Driver\stm32f4xx_hal_i2c.o
                0x08005cc8                HAL_I2C_Master_Transmit
 .text.HAL_I2C_Mem_Read
                0x08005e74      0x220 Drivers\STM32F4xx_HAL_Driver\stm32f4xx_hal_i2c.o
                0x08005e74                HAL_I2C_Mem_Read
 .text.HAL_I2C_Mem_Read_IT
                0x08006094       0xc0 Drivers\STM32F4xx_HAL_Driver\stm32f4xx_hal_i2c.o
                0x08006094                HAL_I2C_Mem_Read_IT
 .text.HAL_I2C_MasterTxCpltCallback
                0x08006154        0x2 Drivers\STM32F4xx_HAL_Driver\stm32f4xx_hal_i2c.o
                0x08006154                HAL_I2C_MasterTxCpltCallback
 .text.HAL_I2C_MasterRxCpltCallback
                0x08006156        0x2 Drivers\STM32F4xx_HAL_Driver\stm32f4xx_hal_i2c.o
                0x08006156                HAL_I2C_MasterRxCpltCallback
 .text.HAL_I2C_SlaveTxCpltCallback
                0x08006158        0x2 Drivers\STM32F4xx_HAL_Driver\stm32f4xx_hal_i2c.o
                0x08006158                HAL_I2C_SlaveTxCpltCallback
 .text.HAL_I2C_SlaveRxCpltCallback
                0x0800615a        0x2 Drivers\STM32F4xx_HAL_Driver\stm32f4xx_hal_i2c.o
                0x0800615a                HAL_I2C_SlaveRxCpltCallback
 .text.HAL_I2C_AddrCallback
                0x0800615c        0x2 Drivers\STM32F4xx_HAL_Driver\stm32f4xx_hal_i2c.o
                0x0800615c                HAL_I2C_AddrCallback
 .text.HAL_I2C_ListenCpltCallback
                0x0800615e        0x2 Drivers\STM32F4xx_HAL_Driver\stm32f4xx_hal_i2c.o
                0x0800615e                HAL_I2C_ListenCpltCallback
 .text.HAL_I2C_MemTxCpltCallback
                0x08006160        0x2 Drivers\STM32F4xx_HAL_Driver\stm32f4xx_hal_i2c.o
                0x08006160                HAL_I2C_MemTxCpltCallback
 .text.HAL_I2C_ErrorCallback
                0x08006162        0x2 Drivers\STM32F4xx_HAL_Driver\stm32f4xx_hal_i2c.o
                0x08006162                HAL_I2C_ErrorCallback
 .text.HAL_I2C_AbortCpltCallback
                0x08006164        0x2 Drivers\STM32F4xx_HAL_Driver\stm32f4xx_hal_i2c.o
                0x08006164                HAL_I2C_AbortCpltCallback
 *fill*         0x08006166        0x2 
 .text.I2C_ITError
                0x08006168      0x128 Drivers\STM32F4xx_HAL_Driver\stm32f4xx_hal_i2c.o
 .text.HAL_I2C_EV_IRQHandler
                0x08006290      0x6bc Drivers\STM32F4xx_HAL_Driver\stm32f4xx_hal_i2c.o
                0x08006290                HAL_I2C_EV_IRQHandler
 .text.I2C_DMAAbort
                0x0800694c       0x4c Drivers\STM32F4xx_HAL_Driver\stm32f4xx_hal_i2c.o
 .text.HAL_I2C_GetState
                0x08006998        0x6 Drivers\STM32F4xx_HAL_Driver\stm32f4xx_hal_i2c.o
                0x08006998                HAL_I2C_GetState
 .text.HAL_IWDG_Init
                0x0800699e       0x42 Drivers\STM32F4xx_HAL_Driver\stm32f4xx_hal_iwdg.o
                0x0800699e                HAL_IWDG_Init
 .text.HAL_IWDG_Refresh
                0x080069e0        0xc Drivers\STM32F4xx_HAL_Driver\stm32f4xx_hal_iwdg.o
                0x080069e0                HAL_IWDG_Refresh
 .text.HAL_RCC_OscConfig
                0x080069ec      0x328 Drivers\STM32F4xx_HAL_Driver\stm32f4xx_hal_rcc.o
                0x080069ec                HAL_RCC_OscConfig
 .text.HAL_RCC_GetSysClockFreq
                0x08006d14       0x74 Drivers\STM32F4xx_HAL_Driver\stm32f4xx_hal_rcc.o
                0x08006d14                HAL_RCC_GetSysClockFreq
 .text.HAL_RCC_ClockConfig
                0x08006d88      0x16c Drivers\STM32F4xx_HAL_Driver\stm32f4xx_hal_rcc.o
                0x08006d88                HAL_RCC_ClockConfig
 .text.HAL_RCC_GetHCLKFreq
                0x08006ef4        0xc Drivers\STM32F4xx_HAL_Driver\stm32f4xx_hal_rcc.o
                0x08006ef4                HAL_RCC_GetHCLKFreq
 .text.HAL_RCC_GetPCLK1Freq
                0x08006f00       0x30 Drivers\STM32F4xx_HAL_Driver\stm32f4xx_hal_rcc.o
                0x08006f00                HAL_RCC_GetPCLK1Freq
 .text.HAL_RCC_GetPCLK2Freq
                0x08006f30       0x30 Drivers\STM32F4xx_HAL_Driver\stm32f4xx_hal_rcc.o
                0x08006f30                HAL_RCC_GetPCLK2Freq
 .text.TIM_OC1_SetConfig
                0x08006f60       0x58 Drivers\STM32F4xx_HAL_Driver\stm32f4xx_hal_tim.o
 .text.TIM_OC3_SetConfig
                0x08006fb8       0x60 Drivers\STM32F4xx_HAL_Driver\stm32f4xx_hal_tim.o
 .text.TIM_OC4_SetConfig
                0x08007018       0x50 Drivers\STM32F4xx_HAL_Driver\stm32f4xx_hal_tim.o
 .text.HAL_TIM_Base_Start
                0x08007068       0x1a Drivers\STM32F4xx_HAL_Driver\stm32f4xx_hal_tim.o
                0x08007068                HAL_TIM_Base_Start
 .text.HAL_TIM_Base_Start_IT
                0x08007082       0x16 Drivers\STM32F4xx_HAL_Driver\stm32f4xx_hal_tim.o
                0x08007082                HAL_TIM_Base_Start_IT
 .text.HAL_TIM_PeriodElapsedCallback
                0x08007098        0x2 Drivers\STM32F4xx_HAL_Driver\stm32f4xx_hal_tim.o
                0x08007098                HAL_TIM_PeriodElapsedCallback
 .text.HAL_TIM_OC_DelayElapsedCallback
                0x0800709a        0x2 Drivers\STM32F4xx_HAL_Driver\stm32f4xx_hal_tim.o
                0x0800709a                HAL_TIM_OC_DelayElapsedCallback
 .text.HAL_TIM_IC_CaptureCallback
                0x0800709c        0x2 Drivers\STM32F4xx_HAL_Driver\stm32f4xx_hal_tim.o
                0x0800709c                HAL_TIM_IC_CaptureCallback
 .text.HAL_TIM_PWM_PulseFinishedCallback
                0x0800709e        0x2 Drivers\STM32F4xx_HAL_Driver\stm32f4xx_hal_tim.o
                0x0800709e                HAL_TIM_PWM_PulseFinishedCallback
 .text.HAL_TIM_TriggerCallback
                0x080070a0        0x2 Drivers\STM32F4xx_HAL_Driver\stm32f4xx_hal_tim.o
                0x080070a0                HAL_TIM_TriggerCallback
 .text.HAL_TIM_IRQHandler
                0x080070a2      0x144 Drivers\STM32F4xx_HAL_Driver\stm32f4xx_hal_tim.o
                0x080070a2                HAL_TIM_IRQHandler
 *fill*         0x080071e6        0x2 
 .text.TIM_Base_SetConfig
                0x080071e8       0xc8 Drivers\STM32F4xx_HAL_Driver\stm32f4xx_hal_tim.o
                0x080071e8                TIM_Base_SetConfig
 .text.HAL_TIM_Base_Init
                0x080072b0       0x34 Drivers\STM32F4xx_HAL_Driver\stm32f4xx_hal_tim.o
                0x080072b0                HAL_TIM_Base_Init
 .text.HAL_TIM_PWM_Init
                0x080072e4       0x34 Drivers\STM32F4xx_HAL_Driver\stm32f4xx_hal_tim.o
                0x080072e4                HAL_TIM_PWM_Init
 .text.TIM_OC2_SetConfig
                0x08007318       0x60 Drivers\STM32F4xx_HAL_Driver\stm32f4xx_hal_tim.o
                0x08007318                TIM_OC2_SetConfig
 .text.HAL_TIM_PWM_ConfigChannel
                0x08007378       0xc4 Drivers\STM32F4xx_HAL_Driver\stm32f4xx_hal_tim.o
                0x08007378                HAL_TIM_PWM_ConfigChannel
 .text.TIM_CCxChannelCmd
                0x0800743c       0x18 Drivers\STM32F4xx_HAL_Driver\stm32f4xx_hal_tim.o
                0x0800743c                TIM_CCxChannelCmd
 .text.HAL_TIM_PWM_Start
                0x08007454       0x34 Drivers\STM32F4xx_HAL_Driver\stm32f4xx_hal_tim.o
                0x08007454                HAL_TIM_PWM_Start
 .text.HAL_TIM_PWM_Stop
                0x08007488       0x64 Drivers\STM32F4xx_HAL_Driver\stm32f4xx_hal_tim.o
                0x08007488                HAL_TIM_PWM_Stop
 .text.HAL_TIMEx_MasterConfigSynchronization
                0x080074ec       0x44 Drivers\STM32F4xx_HAL_Driver\stm32f4xx_hal_tim_ex.o
                0x080074ec                HAL_TIMEx_MasterConfigSynchronization
 .text.HAL_TIMEx_CommutationCallback
                0x08007530        0x2 Drivers\STM32F4xx_HAL_Driver\stm32f4xx_hal_tim_ex.o
                0x08007530                HAL_TIMEx_CommutationCallback
 .text.HAL_TIMEx_BreakCallback
                0x08007532        0x2 Drivers\STM32F4xx_HAL_Driver\stm32f4xx_hal_tim_ex.o
                0x08007532                HAL_TIMEx_BreakCallback
 .text.UART_EndRxTransfer
                0x08007534       0x1a Drivers\STM32F4xx_HAL_Driver\stm32f4xx_hal_uart.o
 *fill*         0x0800754e        0x2 
 .text.UART_SetConfig
                0x08007550      0x234 Drivers\STM32F4xx_HAL_Driver\stm32f4xx_hal_uart.o
 .text.HAL_UART_Init
                0x08007784       0x5c Drivers\STM32F4xx_HAL_Driver\stm32f4xx_hal_uart.o
                0x08007784                HAL_UART_Init
 .text.HAL_UART_Receive_IT
                0x080077e0       0x46 Drivers\STM32F4xx_HAL_Driver\stm32f4xx_hal_uart.o
                0x080077e0                HAL_UART_Receive_IT
 *fill*         0x08007826        0x2 
 .text.HAL_UART_Transmit_DMA
                0x08007828       0x74 Drivers\STM32F4xx_HAL_Driver\stm32f4xx_hal_uart.o
                0x08007828                HAL_UART_Transmit_DMA
 .text.HAL_UART_Receive_DMA
                0x0800789c       0x90 Drivers\STM32F4xx_HAL_Driver\stm32f4xx_hal_uart.o
                0x0800789c                HAL_UART_Receive_DMA
 .text.UART_DMATransmitCplt
                0x0800792c       0x2c Drivers\STM32F4xx_HAL_Driver\stm32f4xx_hal_uart.o
 .text.HAL_UART_TxHalfCpltCallback
                0x08007958        0x2 Drivers\STM32F4xx_HAL_Driver\stm32f4xx_hal_uart.o
                0x08007958                HAL_UART_TxHalfCpltCallback
 .text.UART_DMATxHalfCplt
                0x0800795a        0xa Drivers\STM32F4xx_HAL_Driver\stm32f4xx_hal_uart.o
 .text.UART_DMAReceiveCplt
                0x08007964       0x38 Drivers\STM32F4xx_HAL_Driver\stm32f4xx_hal_uart.o
 .text.UART_Receive_IT
                0x0800799c       0x74 Drivers\STM32F4xx_HAL_Driver\stm32f4xx_hal_uart.o
 .text.HAL_UART_RxHalfCpltCallback
                0x08007a10        0x2 Drivers\STM32F4xx_HAL_Driver\stm32f4xx_hal_uart.o
                0x08007a10                HAL_UART_RxHalfCpltCallback
 .text.UART_DMARxHalfCplt
                0x08007a12        0xa Drivers\STM32F4xx_HAL_Driver\stm32f4xx_hal_uart.o
 .text.HAL_UART_ErrorCallback
                0x08007a1c        0x2 Drivers\STM32F4xx_HAL_Driver\stm32f4xx_hal_uart.o
                0x08007a1c                HAL_UART_ErrorCallback
 .text.UART_DMAError
                0x08007a1e       0x4e Drivers\STM32F4xx_HAL_Driver\stm32f4xx_hal_uart.o
 .text.HAL_UART_IRQHandler
                0x08007a6c      0x140 Drivers\STM32F4xx_HAL_Driver\stm32f4xx_hal_uart.o
                0x08007a6c                HAL_UART_IRQHandler
 .text.UART_DMAAbortOnError
                0x08007bac       0x10 Drivers\STM32F4xx_HAL_Driver\stm32f4xx_hal_uart.o
 .text.__libc_init_array
                0x08007bbc       0x48 e:/truestudio for arm 8.0.0/armtools/bin/../lib/gcc/arm-atollic-eabi/6.3.1/../../../../arm-atollic-eabi/lib/armv7e-m/fpu\libc_nano.a(lib_a-init.o)
                0x08007bbc                __libc_init_array
 *fill*         0x08007c04        0x4 
 .text.cos      0x08007c08       0x88 e:/truestudio for arm 8.0.0/armtools/bin/../lib/gcc/arm-atollic-eabi/6.3.1/../../../../arm-atollic-eabi/lib/armv7e-m/fpu\libm.a(lib_a-s_cos.o)
                0x08007c08                cos
 .text.sin      0x08007c90       0x90 e:/truestudio for arm 8.0.0/armtools/bin/../lib/gcc/arm-atollic-eabi/6.3.1/../../../../arm-atollic-eabi/lib/armv7e-m/fpu\libm.a(lib_a-s_sin.o)
                0x08007c90                sin
 .text.atan2    0x08007d20        0x4 e:/truestudio for arm 8.0.0/armtools/bin/../lib/gcc/arm-atollic-eabi/6.3.1/../../../../arm-atollic-eabi/lib/armv7e-m/fpu\libm.a(lib_a-w_atan2.o)
                0x08007d20                atan2
 .text.pow      0x08007d24      0x2f0 e:/truestudio for arm 8.0.0/armtools/bin/../lib/gcc/arm-atollic-eabi/6.3.1/../../../../arm-atollic-eabi/lib/armv7e-m/fpu\libm.a(lib_a-w_pow.o)
                0x08007d24                pow
 .text.sqrt     0x08008014       0xb4 e:/truestudio for arm 8.0.0/armtools/bin/../lib/gcc/arm-atollic-eabi/6.3.1/../../../../arm-atollic-eabi/lib/armv7e-m/fpu\libm.a(lib_a-w_sqrt.o)
                0x08008014                sqrt
 .text.__ieee754_atan2
                0x080080c8      0x1b4 e:/truestudio for arm 8.0.0/armtools/bin/../lib/gcc/arm-atollic-eabi/6.3.1/../../../../arm-atollic-eabi/lib/armv7e-m/fpu\libm.a(lib_a-e_atan2.o)
                0x080080c8                __ieee754_atan2
 *fill*         0x0800827c        0x4 
 .text.__ieee754_pow
                0x08008280      0xa24 e:/truestudio for arm 8.0.0/armtools/bin/../lib/gcc/arm-atollic-eabi/6.3.1/../../../../arm-atollic-eabi/lib/armv7e-m/fpu\libm.a(lib_a-e_pow.o)
                0x08008280                __ieee754_pow
 *fill*         0x08008ca4        0x4 
 .text.__ieee754_rem_pio2
                0x08008ca8      0x3e4 e:/truestudio for arm 8.0.0/armtools/bin/../lib/gcc/arm-atollic-eabi/6.3.1/../../../../arm-atollic-eabi/lib/armv7e-m/fpu\libm.a(lib_a-e_rem_pio2.o)
                0x08008ca8                __ieee754_rem_pio2
 .text.__ieee754_sqrt
                0x0800908c      0x160 e:/truestudio for arm 8.0.0/armtools/bin/../lib/gcc/arm-atollic-eabi/6.3.1/../../../../arm-atollic-eabi/lib/armv7e-m/fpu\libm.a(lib_a-e_sqrt.o)
                0x0800908c                __ieee754_sqrt
 *fill*         0x080091ec        0x4 
 .text.__kernel_cos
                0x080091f0      0x1cc e:/truestudio for arm 8.0.0/armtools/bin/../lib/gcc/arm-atollic-eabi/6.3.1/../../../../arm-atollic-eabi/lib/armv7e-m/fpu\libm.a(lib_a-k_cos.o)
                0x080091f0                __kernel_cos
 *fill*         0x080093bc        0x4 
 .text.__kernel_rem_pio2
                0x080093c0      0x69c e:/truestudio for arm 8.0.0/armtools/bin/../lib/gcc/arm-atollic-eabi/6.3.1/../../../../arm-atollic-eabi/lib/armv7e-m/fpu\libm.a(lib_a-k_rem_pio2.o)
                0x080093c0                __kernel_rem_pio2
 *fill*         0x08009a5c        0x4 
 .text.__kernel_sin
                0x08009a60      0x174 e:/truestudio for arm 8.0.0/armtools/bin/../lib/gcc/arm-atollic-eabi/6.3.1/../../../../arm-atollic-eabi/lib/armv7e-m/fpu\libm.a(lib_a-k_sin.o)
                0x08009a60                __kernel_sin
 *fill*         0x08009bd4        0x4 
 .text.atan     0x08009bd8      0x350 e:/truestudio for arm 8.0.0/armtools/bin/../lib/gcc/arm-atollic-eabi/6.3.1/../../../../arm-atollic-eabi/lib/armv7e-m/fpu\libm.a(lib_a-s_atan.o)
                0x08009bd8                atan
 .text.fabs     0x08009f28        0xe e:/truestudio for arm 8.0.0/armtools/bin/../lib/gcc/arm-atollic-eabi/6.3.1/../../../../arm-atollic-eabi/lib/armv7e-m/fpu\libm.a(lib_a-s_fabs.o)
                0x08009f28                fabs
 .text.finite   0x08009f36       0x10 e:/truestudio for arm 8.0.0/armtools/bin/../lib/gcc/arm-atollic-eabi/6.3.1/../../../../arm-atollic-eabi/lib/armv7e-m/fpu\libm.a(lib_a-s_finite.o)
                0x08009f36                finite
 *fill*         0x08009f46        0x2 
 .text.floor    0x08009f48      0x108 e:/truestudio for arm 8.0.0/armtools/bin/../lib/gcc/arm-atollic-eabi/6.3.1/../../../../arm-atollic-eabi/lib/armv7e-m/fpu\libm.a(lib_a-s_floor.o)
                0x08009f48                floor
 .text.matherr  0x0800a050        0x4 e:/truestudio for arm 8.0.0/armtools/bin/../lib/gcc/arm-atollic-eabi/6.3.1/../../../../arm-atollic-eabi/lib/armv7e-m/fpu\libm.a(lib_a-s_matherr.o)
                0x0800a050                matherr
 *fill*         0x0800a054        0x4 
 .text.nan      0x0800a058       0x10 e:/truestudio for arm 8.0.0/armtools/bin/../lib/gcc/arm-atollic-eabi/6.3.1/../../../../arm-atollic-eabi/lib/armv7e-m/fpu\libm.a(lib_a-s_nan.o)
                0x0800a058                nan
 .text.rint     0x0800a068      0x110 e:/truestudio for arm 8.0.0/armtools/bin/../lib/gcc/arm-atollic-eabi/6.3.1/../../../../arm-atollic-eabi/lib/armv7e-m/fpu\libm.a(lib_a-s_rint.o)
                0x0800a068                rint
 .text.scalbn   0x0800a178       0xf4 e:/truestudio for arm 8.0.0/armtools/bin/../lib/gcc/arm-atollic-eabi/6.3.1/../../../../arm-atollic-eabi/lib/armv7e-m/fpu\libm.a(lib_a-s_scalbn.o)
                0x0800a178                scalbn
 .text.copysign
                0x0800a26c       0x1a e:/truestudio for arm 8.0.0/armtools/bin/../lib/gcc/arm-atollic-eabi/6.3.1/../../../../arm-atollic-eabi/lib/armv7e-m/fpu\libm.a(lib_a-s_copysign.o)
                0x0800a26c                copysign
 *fill*         0x0800a286        0x2 
 .text.__errno  0x0800a288        0xc e:/truestudio for arm 8.0.0/armtools/bin/../lib/gcc/arm-atollic-eabi/6.3.1/../../../../arm-atollic-eabi/lib/armv7e-m/fpu\libc_nano.a(lib_a-errno.o)
                0x0800a288                __errno
 *(.glue_7)
 .glue_7        0x0800a294        0x0 linker stubs
 *(.glue_7t)
 .glue_7t       0x0800a294        0x0 linker stubs
 *(.eh_frame)
 .eh_frame      0x0800a294        0x0 e:/truestudio for arm 8.0.0/armtools/bin/../lib/gcc/arm-atollic-eabi/6.3.1/armv7e-m/fpu/crtbegin.o
 *(.init)
 .init          0x0800a294        0x4 e:/truestudio for arm 8.0.0/armtools/bin/../lib/gcc/arm-atollic-eabi/6.3.1/armv7e-m/fpu/crti.o
                0x0800a294                _init
 .init          0x0800a298        0x8 e:/truestudio for arm 8.0.0/armtools/bin/../lib/gcc/arm-atollic-eabi/6.3.1/armv7e-m/fpu/crtn.o
 *(.fini)
 .fini          0x0800a2a0        0x4 e:/truestudio for arm 8.0.0/armtools/bin/../lib/gcc/arm-atollic-eabi/6.3.1/armv7e-m/fpu/crti.o
                0x0800a2a0                _fini
 .fini          0x0800a2a4        0x8 e:/truestudio for arm 8.0.0/armtools/bin/../lib/gcc/arm-atollic-eabi/6.3.1/armv7e-m/fpu/crtn.o
                0x0800a2ac                . = ALIGN (0x4)
                0x0800a2ac                _etext = .

.vfp11_veneer   0x0800a2ac        0x0
 .vfp11_veneer  0x0800a2ac        0x0 linker stubs

.v4_bx          0x0800a2ac        0x0
 .v4_bx         0x0800a2ac        0x0 linker stubs

.iplt           0x0800a2ac        0x0
 .iplt          0x0800a2ac        0x0 e:/truestudio for arm 8.0.0/armtools/bin/../lib/gcc/arm-atollic-eabi/6.3.1/armv7e-m/fpu/crtbegin.o

.rodata         0x0800a2b0      0x2a8
                0x0800a2b0                . = ALIGN (0x4)
 *(.rodata)
 *(.rodata*)
 .rodata.HAL_I2C_MspInit.str1.1
                0x0800a2b0       0x21 Application\User\stm32f4xx_hal_msp.o
 .rodata.AHBPrescTable
                0x0800a2d1       0x10 Drivers\CMSIS\system_stm32f4xx.o
                0x0800a2d1                AHBPrescTable
 .rodata.APBPrescTable
                0x0800a2e1        0x8 Drivers\CMSIS\system_stm32f4xx.o
                0x0800a2e1                APBPrescTable
 .rodata.flagBitshiftOffset.9200
                0x0800a2e9        0x8 Drivers\STM32F4xx_HAL_Driver\stm32f4xx_hal_dma.o
 .rodata.pow.str1.1
                0x0800a2f1        0x4 e:/truestudio for arm 8.0.0/armtools/bin/../lib/gcc/arm-atollic-eabi/6.3.1/../../../../arm-atollic-eabi/lib/armv7e-m/fpu\libm.a(lib_a-w_pow.o)
 .rodata.sqrt.str1.1
                0x0800a2f5        0x5 e:/truestudio for arm 8.0.0/armtools/bin/../lib/gcc/arm-atollic-eabi/6.3.1/../../../../arm-atollic-eabi/lib/armv7e-m/fpu\libm.a(lib_a-w_sqrt.o)
 .rodata.__ieee754_pow.str1.1
                0x0800a2fa        0x5 e:/truestudio for arm 8.0.0/armtools/bin/../lib/gcc/arm-atollic-eabi/6.3.1/../../../../arm-atollic-eabi/lib/armv7e-m/fpu\libm.a(lib_a-e_pow.o)
                                  0x1 (size before relaxing)
 *fill*         0x0800a2fa        0x6 
 .rodata.bp     0x0800a300       0x10 e:/truestudio for arm 8.0.0/armtools/bin/../lib/gcc/arm-atollic-eabi/6.3.1/../../../../arm-atollic-eabi/lib/armv7e-m/fpu\libm.a(lib_a-e_pow.o)
 .rodata.dp_h   0x0800a310       0x10 e:/truestudio for arm 8.0.0/armtools/bin/../lib/gcc/arm-atollic-eabi/6.3.1/../../../../arm-atollic-eabi/lib/armv7e-m/fpu\libm.a(lib_a-e_pow.o)
 .rodata.dp_l   0x0800a320       0x10 e:/truestudio for arm 8.0.0/armtools/bin/../lib/gcc/arm-atollic-eabi/6.3.1/../../../../arm-atollic-eabi/lib/armv7e-m/fpu\libm.a(lib_a-e_pow.o)
 .rodata.npio2_hw
                0x0800a330       0x80 e:/truestudio for arm 8.0.0/armtools/bin/../lib/gcc/arm-atollic-eabi/6.3.1/../../../../arm-atollic-eabi/lib/armv7e-m/fpu\libm.a(lib_a-e_rem_pio2.o)
 .rodata.two_over_pi
                0x0800a3b0      0x108 e:/truestudio for arm 8.0.0/armtools/bin/../lib/gcc/arm-atollic-eabi/6.3.1/../../../../arm-atollic-eabi/lib/armv7e-m/fpu\libm.a(lib_a-e_rem_pio2.o)
 .rodata.PIo2   0x0800a4b8       0x40 e:/truestudio for arm 8.0.0/armtools/bin/../lib/gcc/arm-atollic-eabi/6.3.1/../../../../arm-atollic-eabi/lib/armv7e-m/fpu\libm.a(lib_a-k_rem_pio2.o)
 .rodata.init_jk
                0x0800a4f8       0x10 e:/truestudio for arm 8.0.0/armtools/bin/../lib/gcc/arm-atollic-eabi/6.3.1/../../../../arm-atollic-eabi/lib/armv7e-m/fpu\libm.a(lib_a-k_rem_pio2.o)
 .rodata.atanhi
                0x0800a508       0x20 e:/truestudio for arm 8.0.0/armtools/bin/../lib/gcc/arm-atollic-eabi/6.3.1/../../../../arm-atollic-eabi/lib/armv7e-m/fpu\libm.a(lib_a-s_atan.o)
 .rodata.atanlo
                0x0800a528       0x20 e:/truestudio for arm 8.0.0/armtools/bin/../lib/gcc/arm-atollic-eabi/6.3.1/../../../../arm-atollic-eabi/lib/armv7e-m/fpu\libm.a(lib_a-s_atan.o)
 .rodata.TWO52  0x0800a548       0x10 e:/truestudio for arm 8.0.0/armtools/bin/../lib/gcc/arm-atollic-eabi/6.3.1/../../../../arm-atollic-eabi/lib/armv7e-m/fpu\libm.a(lib_a-s_rint.o)
                0x0800a558                . = ALIGN (0x4)

.rel.dyn        0x0800a558        0x0
 .rel.iplt      0x0800a558        0x0 e:/truestudio for arm 8.0.0/armtools/bin/../lib/gcc/arm-atollic-eabi/6.3.1/armv7e-m/fpu/crtbegin.o

.ARM.extab
 *(.ARM.extab* .gnu.linkonce.armextab.*)

.ARM            0x0800a558        0x0
                0x0800a558                __exidx_start = .
 *(.ARM.exidx*)
                0x0800a558                __exidx_end = .

.preinit_array  0x0800a558        0x0
                0x0800a558                PROVIDE (__preinit_array_start, .)
 *(.preinit_array*)
                0x0800a558                PROVIDE (__preinit_array_end, .)

.init_array     0x0800a558        0x4
                0x0800a558                PROVIDE (__init_array_start, .)
 *(SORT(.init_array.*))
 *(.init_array*)
 .init_array    0x0800a558        0x4 e:/truestudio for arm 8.0.0/armtools/bin/../lib/gcc/arm-atollic-eabi/6.3.1/armv7e-m/fpu/crtbegin.o
                0x0800a55c                PROVIDE (__init_array_end, .)

.fini_array     0x0800a55c        0x4
                [!provide]                PROVIDE (__fini_array_start, .)
 *(SORT(.fini_array.*))
 *(.fini_array*)
 .fini_array    0x0800a55c        0x4 e:/truestudio for arm 8.0.0/armtools/bin/../lib/gcc/arm-atollic-eabi/6.3.1/armv7e-m/fpu/crtbegin.o
                [!provide]                PROVIDE (__fini_array_end, .)
                0x0800a560                _sidata = LOADADDR (.data)

.data           0x20000000       0x70 load address 0x0800a560
                0x20000000                . = ALIGN (0x4)
                0x20000000                _sdata = .
 *(.data)
 *(.data*)
 .data.doCalibrationSensoroutput
                0x20000000        0x2 Application\User\main.o
                0x20000000                doCalibrationSensoroutput
 .data.gSwitch  0x20000002        0x1 Application\User\main.o
                0x20000002                gSwitch
 .data.yawHold  0x20000003        0x1 Application\User\main.o
                0x20000003                yawHold
 .data.SystemCoreClock
                0x20000004        0x4 Drivers\CMSIS\system_stm32f4xx.o
                0x20000004                SystemCoreClock
 .data.__fdlib_version
                0x20000008        0x1 e:/truestudio for arm 8.0.0/armtools/bin/../lib/gcc/arm-atollic-eabi/6.3.1/../../../../arm-atollic-eabi/lib/armv7e-m/fpu\libm.a(lib_a-s_lib_ver.o)
                0x20000008                __fdlib_version
 *fill*         0x20000009        0x3 
 .data._impure_ptr
                0x2000000c        0x4 e:/truestudio for arm 8.0.0/armtools/bin/../lib/gcc/arm-atollic-eabi/6.3.1/../../../../arm-atollic-eabi/lib/armv7e-m/fpu\libc_nano.a(lib_a-impure.o)
                0x2000000c                _impure_ptr
 .data.impure_data
                0x20000010       0x60 e:/truestudio for arm 8.0.0/armtools/bin/../lib/gcc/arm-atollic-eabi/6.3.1/../../../../arm-atollic-eabi/lib/armv7e-m/fpu\libc_nano.a(lib_a-impure.o)
                0x20000070                . = ALIGN (0x4)
                0x20000070                _edata = .
                0x0800a5d0                _siccmram = LOADADDR (.ccmram)

.igot.plt       0x20000070        0x0 load address 0x0800a5d0
 .igot.plt      0x20000070        0x0 e:/truestudio for arm 8.0.0/armtools/bin/../lib/gcc/arm-atollic-eabi/6.3.1/armv7e-m/fpu/crtbegin.o

.ccmram         0x10000000        0x0 load address 0x0800a5d0
                0x10000000                . = ALIGN (0x4)
                0x10000000                _sccmram = .
 *(.ccmram)
 *(.ccmram*)
                0x10000000                . = ALIGN (0x4)
                0x10000000                _eccmram = .
                0x10000000                . = ALIGN (0x4)

.bss            0x20000070     0xc9cc
                0x20000070                _sbss = .
                0x20000070                __bss_start__ = _sbss
 *(.bss)
 .bss           0x20000070       0x1c e:/truestudio for arm 8.0.0/armtools/bin/../lib/gcc/arm-atollic-eabi/6.3.1/armv7e-m/fpu/crtbegin.o
 *(.bss*)
 .bss.averageVoltageCounter
                0x2000008c        0x2 Application\User\main.o
                0x2000008c                averageVoltageCounter
 .bss.doCalibrationMagnetometer
                0x2000008e        0x2 Application\User\main.o
                0x2000008e                doCalibrationMagnetometer
 .bss.readyToDoTransmit
                0x20000090        0x1 Application\User\main.o
                0x20000090                readyToDoTransmit
 *fill*         0x20000091        0x1 
 .bss.startUpCounter
                0x20000092        0x2 Application\User\main.o
                0x20000092                startUpCounter
 *(COMMON)
 COMMON         0x20000094       0x34 Application\User\BMP280.o
                0x20000094                adc_P
                0x20000098                adc_T
                0x2000009c                dataReadyfromBMP280
                0x2000009e                _bmp280_calib
                0x200000c4                t_fine
 COMMON         0x200000c8      0x1f8 Application\User\PID.o
                0x200000c8                errSumP
                0x200000d0                outputP
                0x20000128                dErrR
                0x20000130                kiy
                0x20000138                dErrP
                0x20000140                krpm
                0x20000148                errSumYWatch
                0x20000150                errSumRWatch
                0x20000158                kdy
                0x20000160                errSumY
                0x20000168                kpy
                0x20000170                kdr
                0x20000178                kpp
                0x20000180                sampleFrequency
                0x20000188                kir
                0x20000190                errorP
                0x20000198                errSumPWatch
                0x200001a0                lastErrY
                0x200001a8                kdp
                0x200001b0                errorY
                0x200001b8                ko
                0x200001c0                k2
                0x200001c8                kip
                0x200001d0                lastErrR
                0x200001d8                outputR
                0x20000230                errSumR
                0x20000238                ktot
                0x20000240                errorR
                0x20000248                lastErrP
                0x20000250                k1
                0x20000258                kpr
                0x20000260                dErrY
                0x20000268                outputY
 COMMON         0x200002c0        0xd Application\User\Parser.o
                0x200002c0                data_ready
                0x200002c1                rx_bytes_counter
                0x200002c2                rx_bytes
                0x200002cc                command_ready
 *fill*         0x200002cd        0x3 
 COMMON         0x200002d0     0xc768 Application\User\main.o
                0x200002d0                readBMP280INTBuffer
                0x200002e8                accelCount
                0x200002ee                rcy
                0x200002f0                setYaw
                0x200002f8                mxArray
                0x20004178                int_lsb
                0x20004180                sumRgx
                0x20004188                rgz
                0x20004190                rczd
                0x20004198                rcxNorm
                0x200041a0                raxdCal
                0x200041a8                inProgressFlag
                0x200041b0                rcyd
                0x200041b8                yawAverageCounter
                0x200041ba                rcz
                0x200041c0                maxOutputLimit
                0x200041c8                rollTxBuffer
                0x200041d0                aRoll
                0x200041d8                trimmValueRoll
                0x200041e0                CTRL1_register
                0x200041e1                int_msb
                0x200041e2                ST2_register
                0x200041e8                rgzdCal
                0x200041f0                sumRay
                0x200041f8                exti4_rising
                0x200041fa                rpm_0232
                0x200041fc                hi2c1
                0x20004250                exti4_count
                0x20004254                hiwdg
                0x20004260                yawSummY
                0x20004268                exti3_count
                0x2000426c                uartState
                0x20004270                hMSLGPS
                0x20004278                calibValRgy
                0x20004280                exti1_count
                0x20004284                myCANTxMessage
                0x200042f4                readAK8963Buffer
                0x200042fd                groundSpeedGPS
                0x20004308                yawArray
                0x20004628                exti1_rising
                0x2000462a                rgx
                0x2000462c                readBuffer
                0x20004638                setRoll
                0x20004640                temperature
                0x20004648                dataReadyfromMPU9250Counter
                0x2000464a                remoteChannel6
                0x2000464c                gyroCount
                0x20004658                my
                0x20004660                calibValRgz
                0x20004668                yawSumm
                0x20004670                htim3
                0x200046ac                motorGotStarted
                0x200046b0                rczHardIronCorrection
                0x200046b8                rgydCal
                0x200046c0                exti2_rising
                0x200046c1                GPS_BUF
                0x20004711                headingGPS
                0x20004718                myRxMessage
                0x20004740                pressure
                0x20004748                rcyNorm
                0x20004750                huart5
                0x20004790                remoteRoll
                0x20004798                setRPM
                0x200047a0                hadc1
                0x200047e8                remoteChannel5
                0x200047f0                raydCal
                0x200047f8                rczNorm
                0x20004800                canTransmitCounter
                0x20004802                exti2_count_value
                0x20004808                rcNorm
                0x20004810                sendAK8963Buffer
                0x20004812                sendBuffer
                0x20004818                myTxMessage
                0x20004834                rgy
                0x20004838                yawSample
                0x20004840                aPitch
                0x20004848                rcyHardIronCorrection
                0x20004850                remoteYaw
                0x20004858                mzArray
                0x200086d8                exti3_rising
                0x200086da                intLong
                0x200086e0                sumRax
                0x200086e8                trimmValuePitch
                0x200086f0                rgyd
                0x200086f8                readyToCalcEuler
                0x200086fa                rpm_0233
                0x200086fc                sendMPU9250Buffer
                0x20008700                scaledRemoteYaw
                0x20008708                calibValRaz
                0x20008710                ST1_register
                0x20008718                rayd
                0x20008720                dataReadyfromMPU9250
                0x20008722                rax
                0x20008728                scaleconst
                0x20008730                remoteThrottle
                0x20008738                trimmValueYaw
                0x20008740                rcxd
                0x20008748                razdCal
                0x20008750                raxd
                0x20008758                calibValRax
                0x20008760                GPIO_InitStruct
                0x20008774                longitude
                0x20008778                aYaw
                0x20008780                htim6
                0x200087c0                altitude
                0x200087c8                ray
                0x200087d0                yawSummX
                0x200087d8                hdma_i2c1_rx
                0x20008838                txBuffer
                0x20008898                razd
                0x200088a0                deltaT
                0x200088a8                sumRgy
                0x200088b0                remotePitch
                0x200088b2                motorStop
                0x200088b4                huart6
                0x200088f4                latitude
                0x200088f8                calibValRay
                0x20008900                mz
                0x20008908                huart4
                0x20008948                motorStart
                0x20008950                rgxd
                0x20008958                readMPU9250Buffer
                0x20008970                myArray
                0x2000c7f0                headingTxBuffer
                0x2000c7f8                yaw
                0x2000c800                dummyTxBuffer
                0x2000c808                sendBMP280Buffer
                0x2000c80a                rpm_0231
                0x2000c80c                exti5_count
                0x2000c810                rcxHardIronCorrection
                0x2000c818                magCount
                0x2000c820                rgxdCal
                0x2000c828                gpsDataReady
                0x2000c830                sumRaz
                0x2000c838                pitch
                0x2000c840                raz
                0x2000c842                rpm_0234
                0x2000c844                hdma_uart5_rx
                0x2000c8a8                roll
                0x2000c8b0                hcan1
                0x2000c8f4                pitchTxBuffer
                0x2000c900                rgzd
                0x2000c908                averageADCRawData
                0x2000c910                fabCalConst
                0x2000c928                setPitch
                0x2000c930                exti6_count
                0x2000c938                startUpYawReading
                0x2000c940                exti2_count
                0x2000c942                rcx
                0x2000c944                averageNewADCRawData
                0x2000c948                magCalibration
                0x2000c94b                receiveBuffer
                0x2000c954                htim7
                0x2000c990                mx
                0x2000c998                dataToSendByCAN
                0x2000c9a0                alpha
                0x2000c9a8                hdma_uart4_tx
                0x2000ca08                sumRgz
                0x2000ca10                exti1_count_value
                0x2000ca12                readBMP280Buffer
                0x2000ca30                calibValRgx
 COMMON         0x2000ca38        0x4 Drivers\STM32F4xx_HAL_Driver\stm32f4xx_hal.o
                0x2000ca38                uwTick
                0x2000ca3c                . = ALIGN (0x4)
                0x2000ca3c                _ebss = .
                0x2000ca3c                __bss_end__ = _ebss

._user_heap_stack
                0x2000ca3c    0x10000
                0x2000ca3c                . = ALIGN (0x4)
                [!provide]                PROVIDE (end, .)
                [!provide]                PROVIDE (_end, .)
                0x20014a3c                . = (. + _Min_Heap_Size)
 *fill*         0x2000ca3c     0x8000 
                0x2001ca3c                . = (. + _Min_Stack_Size)
 *fill*         0x20014a3c     0x8000 
                0x2001ca3c                . = ALIGN (0x4)

/DISCARD/
 libc.a(*)
 libm.a(*)
 libgcc.a(*)

.ARM.attributes
                0x00000000       0x30
 *(.ARM.attributes)
 .ARM.attributes
                0x00000000       0x22 e:/truestudio for arm 8.0.0/armtools/bin/../lib/gcc/arm-atollic-eabi/6.3.1/armv7e-m/fpu/crti.o
 .ARM.attributes
                0x00000022       0x34 e:/truestudio for arm 8.0.0/armtools/bin/../lib/gcc/arm-atollic-eabi/6.3.1/armv7e-m/fpu/crtbegin.o
 .ARM.attributes
                0x00000056       0x21 Application\TrueSTUDIO\startup_stm32f405xx.o
 .ARM.attributes
                0x00000077       0x39 Application\User\BMP280.o
 .ARM.attributes
                0x000000b0       0x39 Application\User\MPU9250.o
 .ARM.attributes
                0x000000e9       0x39 Application\User\PID.o
 .ARM.attributes
                0x00000122       0x39 Application\User\Parser.o
 .ARM.attributes
                0x0000015b       0x39 Application\User\main.o
 .ARM.attributes
                0x00000194       0x39 Application\User\stm32f4xx_hal_msp.o
 .ARM.attributes
                0x000001cd       0x39 Application\User\stm32f4xx_it.o
 .ARM.attributes
                0x00000206       0x39 Drivers\CMSIS\system_stm32f4xx.o
 .ARM.attributes
                0x0000023f       0x39 Drivers\STM32F4xx_HAL_Driver\stm32f4xx_hal.o
 .ARM.attributes
                0x00000278       0x39 Drivers\STM32F4xx_HAL_Driver\stm32f4xx_hal_adc.o
 .ARM.attributes
                0x000002b1       0x39 Drivers\STM32F4xx_HAL_Driver\stm32f4xx_hal_adc_ex.o
 .ARM.attributes
                0x000002ea       0x39 Drivers\STM32F4xx_HAL_Driver\stm32f4xx_hal_can.o
 .ARM.attributes
                0x00000323       0x39 Drivers\STM32F4xx_HAL_Driver\stm32f4xx_hal_cortex.o
 .ARM.attributes
                0x0000035c       0x39 Drivers\STM32F4xx_HAL_Driver\stm32f4xx_hal_dma.o
 .ARM.attributes
                0x00000395       0x39 Drivers\STM32F4xx_HAL_Driver\stm32f4xx_hal_gpio.o
 .ARM.attributes
                0x000003ce       0x39 Drivers\STM32F4xx_HAL_Driver\stm32f4xx_hal_i2c.o
 .ARM.attributes
                0x00000407       0x39 Drivers\STM32F4xx_HAL_Driver\stm32f4xx_hal_iwdg.o
 .ARM.attributes
                0x00000440       0x39 Drivers\STM32F4xx_HAL_Driver\stm32f4xx_hal_rcc.o
 .ARM.attributes
                0x00000479       0x39 Drivers\STM32F4xx_HAL_Driver\stm32f4xx_hal_tim.o
 .ARM.attributes
                0x000004b2       0x39 Drivers\STM32F4xx_HAL_Driver\stm32f4xx_hal_tim_ex.o
 .ARM.attributes
                0x000004eb       0x39 Drivers\STM32F4xx_HAL_Driver\stm32f4xx_hal_uart.o
 .ARM.attributes
                0x00000524       0x34 e:/truestudio for arm 8.0.0/armtools/bin/../lib/gcc/arm-atollic-eabi/6.3.1/../../../../arm-atollic-eabi/lib/armv7e-m/fpu\libc_nano.a(lib_a-init.o)
 .ARM.attributes
                0x00000558       0x34 e:/truestudio for arm 8.0.0/armtools/bin/../lib/gcc/arm-atollic-eabi/6.3.1/../../../../arm-atollic-eabi/lib/armv7e-m/fpu\libm.a(lib_a-s_cos.o)
 .ARM.attributes
                0x0000058c       0x34 e:/truestudio for arm 8.0.0/armtools/bin/../lib/gcc/arm-atollic-eabi/6.3.1/../../../../arm-atollic-eabi/lib/armv7e-m/fpu\libm.a(lib_a-s_sin.o)
 .ARM.attributes
                0x000005c0       0x34 e:/truestudio for arm 8.0.0/armtools/bin/../lib/gcc/arm-atollic-eabi/6.3.1/../../../../arm-atollic-eabi/lib/armv7e-m/fpu\libm.a(lib_a-w_atan2.o)
 .ARM.attributes
                0x000005f4       0x34 e:/truestudio for arm 8.0.0/armtools/bin/../lib/gcc/arm-atollic-eabi/6.3.1/../../../../arm-atollic-eabi/lib/armv7e-m/fpu\libm.a(lib_a-w_pow.o)
 .ARM.attributes
                0x00000628       0x34 e:/truestudio for arm 8.0.0/armtools/bin/../lib/gcc/arm-atollic-eabi/6.3.1/../../../../arm-atollic-eabi/lib/armv7e-m/fpu\libm.a(lib_a-w_sqrt.o)
 .ARM.attributes
                0x0000065c       0x34 e:/truestudio for arm 8.0.0/armtools/bin/../lib/gcc/arm-atollic-eabi/6.3.1/../../../../arm-atollic-eabi/lib/armv7e-m/fpu\libm.a(lib_a-e_atan2.o)
 .ARM.attributes
                0x00000690       0x34 e:/truestudio for arm 8.0.0/armtools/bin/../lib/gcc/arm-atollic-eabi/6.3.1/../../../../arm-atollic-eabi/lib/armv7e-m/fpu\libm.a(lib_a-e_pow.o)
 .ARM.attributes
                0x000006c4       0x34 e:/truestudio for arm 8.0.0/armtools/bin/../lib/gcc/arm-atollic-eabi/6.3.1/../../../../arm-atollic-eabi/lib/armv7e-m/fpu\libm.a(lib_a-e_rem_pio2.o)
 .ARM.attributes
                0x000006f8       0x34 e:/truestudio for arm 8.0.0/armtools/bin/../lib/gcc/arm-atollic-eabi/6.3.1/../../../../arm-atollic-eabi/lib/armv7e-m/fpu\libm.a(lib_a-e_sqrt.o)
 .ARM.attributes
                0x0000072c       0x34 e:/truestudio for arm 8.0.0/armtools/bin/../lib/gcc/arm-atollic-eabi/6.3.1/../../../../arm-atollic-eabi/lib/armv7e-m/fpu\libm.a(lib_a-k_cos.o)
 .ARM.attributes
                0x00000760       0x34 e:/truestudio for arm 8.0.0/armtools/bin/../lib/gcc/arm-atollic-eabi/6.3.1/../../../../arm-atollic-eabi/lib/armv7e-m/fpu\libm.a(lib_a-k_rem_pio2.o)
 .ARM.attributes
                0x00000794       0x34 e:/truestudio for arm 8.0.0/armtools/bin/../lib/gcc/arm-atollic-eabi/6.3.1/../../../../arm-atollic-eabi/lib/armv7e-m/fpu\libm.a(lib_a-k_sin.o)
 .ARM.attributes
                0x000007c8       0x34 e:/truestudio for arm 8.0.0/armtools/bin/../lib/gcc/arm-atollic-eabi/6.3.1/../../../../arm-atollic-eabi/lib/armv7e-m/fpu\libm.a(lib_a-s_atan.o)
 .ARM.attributes
                0x000007fc       0x34 e:/truestudio for arm 8.0.0/armtools/bin/../lib/gcc/arm-atollic-eabi/6.3.1/../../../../arm-atollic-eabi/lib/armv7e-m/fpu\libm.a(lib_a-s_fabs.o)
 .ARM.attributes
                0x00000830       0x34 e:/truestudio for arm 8.0.0/armtools/bin/../lib/gcc/arm-atollic-eabi/6.3.1/../../../../arm-atollic-eabi/lib/armv7e-m/fpu\libm.a(lib_a-s_finite.o)
 .ARM.attributes
                0x00000864       0x34 e:/truestudio for arm 8.0.0/armtools/bin/../lib/gcc/arm-atollic-eabi/6.3.1/../../../../arm-atollic-eabi/lib/armv7e-m/fpu\libm.a(lib_a-s_floor.o)
 .ARM.attributes
                0x00000898       0x34 e:/truestudio for arm 8.0.0/armtools/bin/../lib/gcc/arm-atollic-eabi/6.3.1/../../../../arm-atollic-eabi/lib/armv7e-m/fpu\libm.a(lib_a-s_lib_ver.o)
 .ARM.attributes
                0x000008cc       0x34 e:/truestudio for arm 8.0.0/armtools/bin/../lib/gcc/arm-atollic-eabi/6.3.1/../../../../arm-atollic-eabi/lib/armv7e-m/fpu\libm.a(lib_a-s_matherr.o)
 .ARM.attributes
                0x00000900       0x34 e:/truestudio for arm 8.0.0/armtools/bin/../lib/gcc/arm-atollic-eabi/6.3.1/../../../../arm-atollic-eabi/lib/armv7e-m/fpu\libm.a(lib_a-s_nan.o)
 .ARM.attributes
                0x00000934       0x34 e:/truestudio for arm 8.0.0/armtools/bin/../lib/gcc/arm-atollic-eabi/6.3.1/../../../../arm-atollic-eabi/lib/armv7e-m/fpu\libm.a(lib_a-s_rint.o)
 .ARM.attributes
                0x00000968       0x34 e:/truestudio for arm 8.0.0/armtools/bin/../lib/gcc/arm-atollic-eabi/6.3.1/../../../../arm-atollic-eabi/lib/armv7e-m/fpu\libm.a(lib_a-s_scalbn.o)
 .ARM.attributes
                0x0000099c       0x34 e:/truestudio for arm 8.0.0/armtools/bin/../lib/gcc/arm-atollic-eabi/6.3.1/../../../../arm-atollic-eabi/lib/armv7e-m/fpu\libm.a(lib_a-s_copysign.o)
 .ARM.attributes
                0x000009d0       0x34 e:/truestudio for arm 8.0.0/armtools/bin/../lib/gcc/arm-atollic-eabi/6.3.1/../../../../arm-atollic-eabi/lib/armv7e-m/fpu\libc_nano.a(lib_a-errno.o)
 .ARM.attributes
                0x00000a04       0x34 e:/truestudio for arm 8.0.0/armtools/bin/../lib/gcc/arm-atollic-eabi/6.3.1/../../../../arm-atollic-eabi/lib/armv7e-m/fpu\libc_nano.a(lib_a-impure.o)
 .ARM.attributes
                0x00000a38       0x22 e:/truestudio for arm 8.0.0/armtools/bin/../lib/gcc/arm-atollic-eabi/6.3.1/armv7e-m/fpu\libgcc.a(_arm_addsubdf3.o)
 .ARM.attributes
                0x00000a5a       0x22 e:/truestudio for arm 8.0.0/armtools/bin/../lib/gcc/arm-atollic-eabi/6.3.1/armv7e-m/fpu\libgcc.a(_arm_muldivdf3.o)
 .ARM.attributes
                0x00000a7c       0x22 e:/truestudio for arm 8.0.0/armtools/bin/../lib/gcc/arm-atollic-eabi/6.3.1/armv7e-m/fpu\libgcc.a(_arm_cmpdf2.o)
 .ARM.attributes
                0x00000a9e       0x22 e:/truestudio for arm 8.0.0/armtools/bin/../lib/gcc/arm-atollic-eabi/6.3.1/armv7e-m/fpu\libgcc.a(_arm_unorddf2.o)
 .ARM.attributes
                0x00000ac0       0x22 e:/truestudio for arm 8.0.0/armtools/bin/../lib/gcc/arm-atollic-eabi/6.3.1/armv7e-m/fpu\libgcc.a(_arm_fixdfsi.o)
 .ARM.attributes
                0x00000ae2       0x22 e:/truestudio for arm 8.0.0/armtools/bin/../lib/gcc/arm-atollic-eabi/6.3.1/armv7e-m/fpu\libgcc.a(_arm_fixunsdfsi.o)
 .ARM.attributes
                0x00000b04       0x22 e:/truestudio for arm 8.0.0/armtools/bin/../lib/gcc/arm-atollic-eabi/6.3.1/armv7e-m/fpu/crtn.o
OUTPUT(Atollic_BLDC_QC_CTR_V20.elf elf32-littlearm)

.debug_line     0x00000000     0x8dca
 .debug_line    0x00000000       0x7a Application\TrueSTUDIO\startup_stm32f405xx.o
 .debug_line    0x0000007a      0x391 Application\User\BMP280.o
 .debug_line    0x0000040b      0x2e7 Application\User\MPU9250.o
 .debug_line    0x000006f2       0xcd Application\User\PID.o
 .debug_line    0x000007bf      0x413 Application\User\Parser.o
 .debug_line    0x00000bd2      0x9fa Application\User\main.o
 .debug_line    0x000015cc      0x50a Application\User\stm32f4xx_hal_msp.o
 .debug_line    0x00001ad6      0x492 Application\User\stm32f4xx_it.o
 .debug_line    0x00001f68      0x22d Drivers\CMSIS\system_stm32f4xx.o
 .debug_line    0x00002195      0x41a Drivers\STM32F4xx_HAL_Driver\stm32f4xx_hal.o
 .debug_line    0x000025af      0x72e Drivers\STM32F4xx_HAL_Driver\stm32f4xx_hal_adc.o
 .debug_line    0x00002cdd      0x5ef Drivers\STM32F4xx_HAL_Driver\stm32f4xx_hal_adc_ex.o
 .debug_line    0x000032cc      0x7cd Drivers\STM32F4xx_HAL_Driver\stm32f4xx_hal_can.o
 .debug_line    0x00003a99      0x49a Drivers\STM32F4xx_HAL_Driver\stm32f4xx_hal_cortex.o
 .debug_line    0x00003f33      0x5b7 Drivers\STM32F4xx_HAL_Driver\stm32f4xx_hal_dma.o
 .debug_line    0x000044ea      0x438 Drivers\STM32F4xx_HAL_Driver\stm32f4xx_hal_gpio.o
 .debug_line    0x00004922     0x1852 Drivers\STM32F4xx_HAL_Driver\stm32f4xx_hal_i2c.o
 .debug_line    0x00006174      0x2bc Drivers\STM32F4xx_HAL_Driver\stm32f4xx_hal_iwdg.o
 .debug_line    0x00006430      0x627 Drivers\STM32F4xx_HAL_Driver\stm32f4xx_hal_rcc.o
 .debug_line    0x00006a57     0x113d Drivers\STM32F4xx_HAL_Driver\stm32f4xx_hal_tim.o
 .debug_line    0x00007b94      0x689 Drivers\STM32F4xx_HAL_Driver\stm32f4xx_hal_tim_ex.o
 .debug_line    0x0000821d      0xbad Drivers\STM32F4xx_HAL_Driver\stm32f4xx_hal_uart.o

.debug_info     0x00000000    0x2238d
 .debug_info    0x00000000       0xc5 Application\TrueSTUDIO\startup_stm32f405xx.o
 .debug_info    0x000000c5     0x131f Application\User\BMP280.o
 .debug_info    0x000013e4     0x135a Application\User\MPU9250.o
 .debug_info    0x0000273e      0x318 Application\User\PID.o
 .debug_info    0x00002a56     0x12d8 Application\User\Parser.o
 .debug_info    0x00003d2e     0x431f Application\User\main.o
 .debug_info    0x0000804d     0x25cb Application\User\stm32f4xx_hal_msp.o
 .debug_info    0x0000a618     0x1ca1 Application\User\stm32f4xx_it.o
 .debug_info    0x0000c2b9      0xd1c Drivers\CMSIS\system_stm32f4xx.o
 .debug_info    0x0000cfd5     0x1174 Drivers\STM32F4xx_HAL_Driver\stm32f4xx_hal.o
 .debug_info    0x0000e149     0x1600 Drivers\STM32F4xx_HAL_Driver\stm32f4xx_hal_adc.o
 .debug_info    0x0000f749     0x13dd Drivers\STM32F4xx_HAL_Driver\stm32f4xx_hal_adc_ex.o
 .debug_info    0x00010b26     0x1475 Drivers\STM32F4xx_HAL_Driver\stm32f4xx_hal_can.o
 .debug_info    0x00011f9b     0x1732 Drivers\STM32F4xx_HAL_Driver\stm32f4xx_hal_cortex.o
 .debug_info    0x000136cd     0x125c Drivers\STM32F4xx_HAL_Driver\stm32f4xx_hal_dma.o
 .debug_info    0x00014929      0xf88 Drivers\STM32F4xx_HAL_Driver\stm32f4xx_hal_gpio.o
 .debug_info    0x000158b1     0x3794 Drivers\STM32F4xx_HAL_Driver\stm32f4xx_hal_i2c.o
 .debug_info    0x00019045      0xaa6 Drivers\STM32F4xx_HAL_Driver\stm32f4xx_hal_iwdg.o
 .debug_info    0x00019aeb     0x14b7 Drivers\STM32F4xx_HAL_Driver\stm32f4xx_hal_rcc.o
 .debug_info    0x0001afa2     0x3ba3 Drivers\STM32F4xx_HAL_Driver\stm32f4xx_hal_tim.o
 .debug_info    0x0001eb45     0x19a5 Drivers\STM32F4xx_HAL_Driver\stm32f4xx_hal_tim_ex.o
 .debug_info    0x000204ea     0x1ea3 Drivers\STM32F4xx_HAL_Driver\stm32f4xx_hal_uart.o

.debug_abbrev   0x00000000     0x3cb3
 .debug_abbrev  0x00000000       0x12 Application\TrueSTUDIO\startup_stm32f405xx.o
 .debug_abbrev  0x00000012      0x29e Application\User\BMP280.o
 .debug_abbrev  0x000002b0      0x1e5 Application\User\MPU9250.o
 .debug_abbrev  0x00000495       0xac Application\User\PID.o
 .debug_abbrev  0x00000541      0x276 Application\User\Parser.o
 .debug_abbrev  0x000007b7      0x483 Application\User\main.o
 .debug_abbrev  0x00000c3a      0x2d1 Application\User\stm32f4xx_hal_msp.o
 .debug_abbrev  0x00000f0b      0x28c Application\User\stm32f4xx_it.o
 .debug_abbrev  0x00001197      0x1ca Drivers\CMSIS\system_stm32f4xx.o
 .debug_abbrev  0x00001361      0x324 Drivers\STM32F4xx_HAL_Driver\stm32f4xx_hal.o
 .debug_abbrev  0x00001685      0x353 Drivers\STM32F4xx_HAL_Driver\stm32f4xx_hal_adc.o
 .debug_abbrev  0x000019d8      0x2e6 Drivers\STM32F4xx_HAL_Driver\stm32f4xx_hal_adc_ex.o
 .debug_abbrev  0x00001cbe      0x32b Drivers\STM32F4xx_HAL_Driver\stm32f4xx_hal_can.o
 .debug_abbrev  0x00001fe9      0x399 Drivers\STM32F4xx_HAL_Driver\stm32f4xx_hal_cortex.o
 .debug_abbrev  0x00002382      0x34a Drivers\STM32F4xx_HAL_Driver\stm32f4xx_hal_dma.o
 .debug_abbrev  0x000026cc      0x268 Drivers\STM32F4xx_HAL_Driver\stm32f4xx_hal_gpio.o
 .debug_abbrev  0x00002934      0x3b4 Drivers\STM32F4xx_HAL_Driver\stm32f4xx_hal_i2c.o
 .debug_abbrev  0x00002ce8      0x1e4 Drivers\STM32F4xx_HAL_Driver\stm32f4xx_hal_iwdg.o
 .debug_abbrev  0x00002ecc      0x3a4 Drivers\STM32F4xx_HAL_Driver\stm32f4xx_hal_rcc.o
 .debug_abbrev  0x00003270      0x3ac Drivers\STM32F4xx_HAL_Driver\stm32f4xx_hal_tim.o
 .debug_abbrev  0x0000361c      0x300 Drivers\STM32F4xx_HAL_Driver\stm32f4xx_hal_tim_ex.o
 .debug_abbrev  0x0000391c      0x397 Drivers\STM32F4xx_HAL_Driver\stm32f4xx_hal_uart.o

.debug_aranges  0x00000000      0xde0
 .debug_aranges
                0x00000000       0x28 Application\TrueSTUDIO\startup_stm32f405xx.o
 .debug_aranges
                0x00000028       0x50 Application\User\BMP280.o
 .debug_aranges
                0x00000078       0x20 Application\User\MPU9250.o
 .debug_aranges
                0x00000098       0x38 Application\User\PID.o
 .debug_aranges
                0x000000d0       0x20 Application\User\Parser.o
 .debug_aranges
                0x000000f0       0x88 Application\User\main.o
 .debug_aranges
                0x00000178       0x88 Application\User\stm32f4xx_hal_msp.o
 .debug_aranges
                0x00000200       0xc0 Application\User\stm32f4xx_it.o
 .debug_aranges
                0x000002c0       0x28 Drivers\CMSIS\system_stm32f4xx.o
 .debug_aranges
                0x000002e8       0xc0 Drivers\STM32F4xx_HAL_Driver\stm32f4xx_hal.o
 .debug_aranges
                0x000003a8       0xb8 Drivers\STM32F4xx_HAL_Driver\stm32f4xx_hal_adc.o
 .debug_aranges
                0x00000460       0x90 Drivers\STM32F4xx_HAL_Driver\stm32f4xx_hal_adc_ex.o
 .debug_aranges
                0x000004f0       0x88 Drivers\STM32F4xx_HAL_Driver\stm32f4xx_hal_can.o
 .debug_aranges
                0x00000578       0xa8 Drivers\STM32F4xx_HAL_Driver\stm32f4xx_hal_cortex.o
 .debug_aranges
                0x00000620       0x80 Drivers\STM32F4xx_HAL_Driver\stm32f4xx_hal_dma.o
 .debug_aranges
                0x000006a0       0x58 Drivers\STM32F4xx_HAL_Driver\stm32f4xx_hal_gpio.o
 .debug_aranges
                0x000006f8      0x190 Drivers\STM32F4xx_HAL_Driver\stm32f4xx_hal_i2c.o
 .debug_aranges
                0x00000888       0x28 Drivers\STM32F4xx_HAL_Driver\stm32f4xx_hal_iwdg.o
 .debug_aranges
                0x000008b0       0x80 Drivers\STM32F4xx_HAL_Driver\stm32f4xx_hal_rcc.o
 .debug_aranges
                0x00000930      0x250 Drivers\STM32F4xx_HAL_Driver\stm32f4xx_hal_tim.o
 .debug_aranges
                0x00000b80       0xf0 Drivers\STM32F4xx_HAL_Driver\stm32f4xx_hal_tim_ex.o
 .debug_aranges
                0x00000c70      0x170 Drivers\STM32F4xx_HAL_Driver\stm32f4xx_hal_uart.o

.debug_ranges   0x00000000     0x1430
 .debug_ranges  0x00000000       0x20 Application\TrueSTUDIO\startup_stm32f405xx.o
 .debug_ranges  0x00000020       0x40 Application\User\BMP280.o
 .debug_ranges  0x00000060       0x10 Application\User\MPU9250.o
 .debug_ranges  0x00000070       0x28 Application\User\PID.o
 .debug_ranges  0x00000098       0x50 Application\User\Parser.o
 .debug_ranges  0x000000e8      0x1a8 Application\User\main.o
 .debug_ranges  0x00000290      0x140 Application\User\stm32f4xx_hal_msp.o
 .debug_ranges  0x000003d0       0xb0 Application\User\stm32f4xx_it.o
 .debug_ranges  0x00000480       0x18 Drivers\CMSIS\system_stm32f4xx.o
 .debug_ranges  0x00000498       0xb0 Drivers\STM32F4xx_HAL_Driver\stm32f4xx_hal.o
 .debug_ranges  0x00000548       0xc8 Drivers\STM32F4xx_HAL_Driver\stm32f4xx_hal_adc.o
 .debug_ranges  0x00000610       0x80 Drivers\STM32F4xx_HAL_Driver\stm32f4xx_hal_adc_ex.o
 .debug_ranges  0x00000690       0x90 Drivers\STM32F4xx_HAL_Driver\stm32f4xx_hal_can.o
 .debug_ranges  0x00000720      0x138 Drivers\STM32F4xx_HAL_Driver\stm32f4xx_hal_cortex.o
 .debug_ranges  0x00000858       0xc8 Drivers\STM32F4xx_HAL_Driver\stm32f4xx_hal_dma.o
 .debug_ranges  0x00000920       0x68 Drivers\STM32F4xx_HAL_Driver\stm32f4xx_hal_gpio.o
 .debug_ranges  0x00000988      0x3a0 Drivers\STM32F4xx_HAL_Driver\stm32f4xx_hal_i2c.o
 .debug_ranges  0x00000d28       0x18 Drivers\STM32F4xx_HAL_Driver\stm32f4xx_hal_iwdg.o
 .debug_ranges  0x00000d40      0x168 Drivers\STM32F4xx_HAL_Driver\stm32f4xx_hal_rcc.o
 .debug_ranges  0x00000ea8      0x330 Drivers\STM32F4xx_HAL_Driver\stm32f4xx_hal_tim.o
 .debug_ranges  0x000011d8       0xe0 Drivers\STM32F4xx_HAL_Driver\stm32f4xx_hal_tim_ex.o
 .debug_ranges  0x000012b8      0x178 Drivers\STM32F4xx_HAL_Driver\stm32f4xx_hal_uart.o

.debug_loc      0x00000000     0xaf2b
 .debug_loc     0x00000000      0x361 Application\User\BMP280.o
 .debug_loc     0x00000361       0x70 Application\User\Parser.o
 .debug_loc     0x000003d1      0x227 Application\User\main.o
 .debug_loc     0x000005f8      0x223 Application\User\stm32f4xx_hal_msp.o
 .debug_loc     0x0000081b      0x11c Drivers\CMSIS\system_stm32f4xx.o
 .debug_loc     0x00000937       0x91 Drivers\STM32F4xx_HAL_Driver\stm32f4xx_hal.o
 .debug_loc     0x000009c8      0x7b2 Drivers\STM32F4xx_HAL_Driver\stm32f4xx_hal_adc.o
 .debug_loc     0x0000117a      0x7a8 Drivers\STM32F4xx_HAL_Driver\stm32f4xx_hal_adc_ex.o
 .debug_loc     0x00001922      0x903 Drivers\STM32F4xx_HAL_Driver\stm32f4xx_hal_can.o
 .debug_loc     0x00002225      0x4fb Drivers\STM32F4xx_HAL_Driver\stm32f4xx_hal_cortex.o
 .debug_loc     0x00002720      0x727 Drivers\STM32F4xx_HAL_Driver\stm32f4xx_hal_dma.o
 .debug_loc     0x00002e47      0x3cd Drivers\STM32F4xx_HAL_Driver\stm32f4xx_hal_gpio.o
 .debug_loc     0x00003214     0x2bf8 Drivers\STM32F4xx_HAL_Driver\stm32f4xx_hal_i2c.o
 .debug_loc     0x00005e0c       0x68 Drivers\STM32F4xx_HAL_Driver\stm32f4xx_hal_iwdg.o
 .debug_loc     0x00005e74      0x48f Drivers\STM32F4xx_HAL_Driver\stm32f4xx_hal_rcc.o
 .debug_loc     0x00006303     0x30b2 Drivers\STM32F4xx_HAL_Driver\stm32f4xx_hal_tim.o
 .debug_loc     0x000093b5      0x84a Drivers\STM32F4xx_HAL_Driver\stm32f4xx_hal_tim_ex.o
 .debug_loc     0x00009bff     0x132c Drivers\STM32F4xx_HAL_Driver\stm32f4xx_hal_uart.o

.debug_str      0x00000000     0x5c2f
 .debug_str     0x00000000      0xcf5 Application\User\BMP280.o
                                0xe12 (size before relaxing)
 .debug_str     0x00000cf5       0x62 Application\User\MPU9250.o
                                0xbf8 (size before relaxing)
 .debug_str     0x00000d57      0x13e Application\User\PID.o
                                0x29a (size before relaxing)
 .debug_str     0x00000e95      0x3c7 Application\User\Parser.o
                                0xd33 (size before relaxing)
 .debug_str     0x0000125c     0x16fd Application\User\main.o
                               0x29ac (size before relaxing)
 .debug_str     0x00002959      0x18c Application\User\stm32f4xx_hal_msp.o
                               0x1afe (size before relaxing)
 .debug_str     0x00002ae5      0x2c4 Application\User\stm32f4xx_it.o
                               0x15d3 (size before relaxing)
 .debug_str     0x00002da9       0x5c Drivers\CMSIS\system_stm32f4xx.o
                                0x823 (size before relaxing)
 .debug_str     0x00002e05      0x252 Drivers\STM32F4xx_HAL_Driver\stm32f4xx_hal.o
                                0xf54 (size before relaxing)
 .debug_str     0x00003057      0x261 Drivers\STM32F4xx_HAL_Driver\stm32f4xx_hal_adc.o
                                0xe26 (size before relaxing)
 .debug_str     0x000032b8      0x2e5 Drivers\STM32F4xx_HAL_Driver\stm32f4xx_hal_adc_ex.o
                                0xe75 (size before relaxing)
 .debug_str     0x0000359d      0x220 Drivers\STM32F4xx_HAL_Driver\stm32f4xx_hal_can.o
                                0xc80 (size before relaxing)
 .debug_str     0x000037bd      0x30f Drivers\STM32F4xx_HAL_Driver\stm32f4xx_hal_cortex.o
                               0x10cd (size before relaxing)
 .debug_str     0x00003acc      0x2c6 Drivers\STM32F4xx_HAL_Driver\stm32f4xx_hal_dma.o
                                0xc45 (size before relaxing)
 .debug_str     0x00003d92       0xf8 Drivers\STM32F4xx_HAL_Driver\stm32f4xx_hal_gpio.o
                                0x9bf (size before relaxing)
 .debug_str     0x00003e8a      0x72f Drivers\STM32F4xx_HAL_Driver\stm32f4xx_hal_i2c.o
                               0x1405 (size before relaxing)
 .debug_str     0x000045b9       0x3f Drivers\STM32F4xx_HAL_Driver\stm32f4xx_hal_iwdg.o
                                0x77f (size before relaxing)
 .debug_str     0x000045f8      0x141 Drivers\STM32F4xx_HAL_Driver\stm32f4xx_hal_rcc.o
                                0xb79 (size before relaxing)
 .debug_str     0x00004739      0xbdc Drivers\STM32F4xx_HAL_Driver\stm32f4xx_hal_tim.o
                               0x1884 (size before relaxing)
 .debug_str     0x00005315      0x4a3 Drivers\STM32F4xx_HAL_Driver\stm32f4xx_hal_tim_ex.o
                               0x1144 (size before relaxing)
 .debug_str     0x000057b8      0x477 Drivers\STM32F4xx_HAL_Driver\stm32f4xx_hal_uart.o
                               0x10c1 (size before relaxing)

.comment        0x00000000       0x7c
 .comment       0x00000000       0x7c Application\User\BMP280.o
                                 0x7d (size before relaxing)
 .comment       0x0000007c       0x7d Application\User\MPU9250.o
 .comment       0x0000007c       0x7d Application\User\PID.o
 .comment       0x0000007c       0x7d Application\User\Parser.o
 .comment       0x0000007c       0x7d Application\User\main.o
 .comment       0x0000007c       0x7d Application\User\stm32f4xx_hal_msp.o
 .comment       0x0000007c       0x7d Application\User\stm32f4xx_it.o
 .comment       0x0000007c       0x7d Drivers\CMSIS\system_stm32f4xx.o
 .comment       0x0000007c       0x7d Drivers\STM32F4xx_HAL_Driver\stm32f4xx_hal.o
 .comment       0x0000007c       0x7d Drivers\STM32F4xx_HAL_Driver\stm32f4xx_hal_adc.o
 .comment       0x0000007c       0x7d Drivers\STM32F4xx_HAL_Driver\stm32f4xx_hal_adc_ex.o
 .comment       0x0000007c       0x7d Drivers\STM32F4xx_HAL_Driver\stm32f4xx_hal_can.o
 .comment       0x0000007c       0x7d Drivers\STM32F4xx_HAL_Driver\stm32f4xx_hal_cortex.o
 .comment       0x0000007c       0x7d Drivers\STM32F4xx_HAL_Driver\stm32f4xx_hal_dma.o
 .comment       0x0000007c       0x7d Drivers\STM32F4xx_HAL_Driver\stm32f4xx_hal_gpio.o
 .comment       0x0000007c       0x7d Drivers\STM32F4xx_HAL_Driver\stm32f4xx_hal_i2c.o
 .comment       0x0000007c       0x7d Drivers\STM32F4xx_HAL_Driver\stm32f4xx_hal_iwdg.o
 .comment       0x0000007c       0x7d Drivers\STM32F4xx_HAL_Driver\stm32f4xx_hal_rcc.o
 .comment       0x0000007c       0x7d Drivers\STM32F4xx_HAL_Driver\stm32f4xx_hal_tim.o
 .comment       0x0000007c       0x7d Drivers\STM32F4xx_HAL_Driver\stm32f4xx_hal_tim_ex.o
 .comment       0x0000007c       0x7d Drivers\STM32F4xx_HAL_Driver\stm32f4xx_hal_uart.o

.debug_frame    0x00000000     0x3100
 .debug_frame   0x00000000       0xd8 Application\User\BMP280.o
 .debug_frame   0x000000d8       0x40 Application\User\MPU9250.o
 .debug_frame   0x00000118       0xb4 Application\User\PID.o
 .debug_frame   0x000001cc       0x40 Application\User\Parser.o
 .debug_frame   0x0000020c      0x1f8 Application\User\main.o
 .debug_frame   0x00000404      0x180 Application\User\stm32f4xx_hal_msp.o
 .debug_frame   0x00000584      0x1c4 Application\User\stm32f4xx_it.o
 .debug_frame   0x00000748       0x38 Drivers\CMSIS\system_stm32f4xx.o
 .debug_frame   0x00000780      0x194 Drivers\STM32F4xx_HAL_Driver\stm32f4xx_hal.o
 .debug_frame   0x00000914      0x244 Drivers\STM32F4xx_HAL_Driver\stm32f4xx_hal_adc.o
 .debug_frame   0x00000b58      0x160 Drivers\STM32F4xx_HAL_Driver\stm32f4xx_hal_adc_ex.o
 .debug_frame   0x00000cb8      0x1bc Drivers\STM32F4xx_HAL_Driver\stm32f4xx_hal_can.o
 .debug_frame   0x00000e74      0x158 Drivers\STM32F4xx_HAL_Driver\stm32f4xx_hal_cortex.o
 .debug_frame   0x00000fcc      0x150 Drivers\STM32F4xx_HAL_Driver\stm32f4xx_hal_dma.o
 .debug_frame   0x0000111c       0xd8 Drivers\STM32F4xx_HAL_Driver\stm32f4xx_hal_gpio.o
 .debug_frame   0x000011f4      0x684 Drivers\STM32F4xx_HAL_Driver\stm32f4xx_hal_i2c.o
 .debug_frame   0x00001878       0x3c Drivers\STM32F4xx_HAL_Driver\stm32f4xx_hal_iwdg.o
 .debug_frame   0x000018b4      0x140 Drivers\STM32F4xx_HAL_Driver\stm32f4xx_hal_rcc.o
 .debug_frame   0x000019f4      0x854 Drivers\STM32F4xx_HAL_Driver\stm32f4xx_hal_tim.o
 .debug_frame   0x00002248      0x330 Drivers\STM32F4xx_HAL_Driver\stm32f4xx_hal_tim_ex.o
 .debug_frame   0x00002578      0x4a0 Drivers\STM32F4xx_HAL_Driver\stm32f4xx_hal_uart.o
 .debug_frame   0x00002a18       0x2c e:/truestudio for arm 8.0.0/armtools/bin/../lib/gcc/arm-atollic-eabi/6.3.1/../../../../arm-atollic-eabi/lib/armv7e-m/fpu\libc_nano.a(lib_a-init.o)
 .debug_frame   0x00002a44       0x2c e:/truestudio for arm 8.0.0/armtools/bin/../lib/gcc/arm-atollic-eabi/6.3.1/../../../../arm-atollic-eabi/lib/armv7e-m/fpu\libm.a(lib_a-s_cos.o)
 .debug_frame   0x00002a70       0x2c e:/truestudio for arm 8.0.0/armtools/bin/../lib/gcc/arm-atollic-eabi/6.3.1/../../../../arm-atollic-eabi/lib/armv7e-m/fpu\libm.a(lib_a-s_sin.o)
 .debug_frame   0x00002a9c       0x20 e:/truestudio for arm 8.0.0/armtools/bin/../lib/gcc/arm-atollic-eabi/6.3.1/../../../../arm-atollic-eabi/lib/armv7e-m/fpu\libm.a(lib_a-w_atan2.o)
 .debug_frame   0x00002abc       0x5c e:/truestudio for arm 8.0.0/armtools/bin/../lib/gcc/arm-atollic-eabi/6.3.1/../../../../arm-atollic-eabi/lib/armv7e-m/fpu\libm.a(lib_a-w_pow.o)
 .debug_frame   0x00002b18       0x4c e:/truestudio for arm 8.0.0/armtools/bin/../lib/gcc/arm-atollic-eabi/6.3.1/../../../../arm-atollic-eabi/lib/armv7e-m/fpu\libm.a(lib_a-w_sqrt.o)
 .debug_frame   0x00002b64       0x44 e:/truestudio for arm 8.0.0/armtools/bin/../lib/gcc/arm-atollic-eabi/6.3.1/../../../../arm-atollic-eabi/lib/armv7e-m/fpu\libm.a(lib_a-e_atan2.o)
 .debug_frame   0x00002ba8       0x64 e:/truestudio for arm 8.0.0/armtools/bin/../lib/gcc/arm-atollic-eabi/6.3.1/../../../../arm-atollic-eabi/lib/armv7e-m/fpu\libm.a(lib_a-e_pow.o)
 .debug_frame   0x00002c0c       0x40 e:/truestudio for arm 8.0.0/armtools/bin/../lib/gcc/arm-atollic-eabi/6.3.1/../../../../arm-atollic-eabi/lib/armv7e-m/fpu\libm.a(lib_a-e_rem_pio2.o)
 .debug_frame   0x00002c4c       0x30 e:/truestudio for arm 8.0.0/armtools/bin/../lib/gcc/arm-atollic-eabi/6.3.1/../../../../arm-atollic-eabi/lib/armv7e-m/fpu\libm.a(lib_a-e_sqrt.o)
 .debug_frame   0x00002c7c       0x40 e:/truestudio for arm 8.0.0/armtools/bin/../lib/gcc/arm-atollic-eabi/6.3.1/../../../../arm-atollic-eabi/lib/armv7e-m/fpu\libm.a(lib_a-k_cos.o)
 .debug_frame   0x00002cbc       0x54 e:/truestudio for arm 8.0.0/armtools/bin/../lib/gcc/arm-atollic-eabi/6.3.1/../../../../arm-atollic-eabi/lib/armv7e-m/fpu\libm.a(lib_a-k_rem_pio2.o)
 .debug_frame   0x00002d10       0x40 e:/truestudio for arm 8.0.0/armtools/bin/../lib/gcc/arm-atollic-eabi/6.3.1/../../../../arm-atollic-eabi/lib/armv7e-m/fpu\libm.a(lib_a-k_sin.o)
 .debug_frame   0x00002d50       0x38 e:/truestudio for arm 8.0.0/armtools/bin/../lib/gcc/arm-atollic-eabi/6.3.1/../../../../arm-atollic-eabi/lib/armv7e-m/fpu\libm.a(lib_a-s_atan.o)
 .debug_frame   0x00002d88       0x20 e:/truestudio for arm 8.0.0/armtools/bin/../lib/gcc/arm-atollic-eabi/6.3.1/../../../../arm-atollic-eabi/lib/armv7e-m/fpu\libm.a(lib_a-s_fabs.o)
 .debug_frame   0x00002da8       0x20 e:/truestudio for arm 8.0.0/armtools/bin/../lib/gcc/arm-atollic-eabi/6.3.1/../../../../arm-atollic-eabi/lib/armv7e-m/fpu\libm.a(lib_a-s_finite.o)
 .debug_frame   0x00002dc8       0x30 e:/truestudio for arm 8.0.0/armtools/bin/../lib/gcc/arm-atollic-eabi/6.3.1/../../../../arm-atollic-eabi/lib/armv7e-m/fpu\libm.a(lib_a-s_floor.o)