stm32f4xx_hal_i2c.c:5465:26:I2C_IsAcknowledgeFailed	0	static
stm32f4xx_hal_i2c.c:5267:26:I2C_WaitOnMasterAddressFlagUntilTimeout	32	static
stm32f4xx_hal_i2c.c:5233:26:I2C_WaitOnFlagUntilTimeout	32	static
stm32f4xx_hal_i2c.c:5315:26:I2C_WaitOnTXEFlagUntilTimeout	16	static
stm32f4xx_hal_i2c.c:4876:26:I2C_RequestMemoryWrite	40	static
stm32f4xx_hal_i2c.c:4966:26:I2C_RequestMemoryRead	40	static
stm32f4xx_hal_i2c.c:5423:26:I2C_WaitOnRXNEFlagUntilTimeout	16	static
stm32f4xx_hal_i2c.c:5352:26:I2C_WaitOnBTFFlagUntilTimeout	16	static
stm32f4xx_hal_i2c.c:474:14:HAL_I2C_MspInit	0	static
stm32f4xx_hal_i2c.c:356:19:HAL_I2C_Init	16	static
stm32f4xx_hal_i2c.c:489:14:HAL_I2C_MspDeInit	0	static
stm32f4xx_hal_i2c.c:438:19:HAL_I2C_DeInit	8	static
stm32f4xx_hal_i2c.c:577:19:HAL_I2C_Master_Transmit	40	static
stm32f4xx_hal_i2c.c:709:19:HAL_I2C_Master_Receive	64	static
stm32f4xx_hal_i2c.c:940:19:HAL_I2C_Slave_Transmit	40	static
stm32f4xx_hal_i2c.c:1069:19:HAL_I2C_Slave_Receive	40	static
stm32f4xx_hal_i2c.c:1196:19:HAL_I2C_Master_Transmit_IT	24	static
stm32f4xx_hal_i2c.c:1273:19:HAL_I2C_Master_Receive_IT	24	static
stm32f4xx_hal_i2c.c:1356:19:HAL_I2C_Master_Sequential_Transmit_IT	24	static
stm32f4xx_hal_i2c.c:1459:19:HAL_I2C_Master_Sequential_Receive_IT	24	static
stm32f4xx_hal_i2c.c:1560:19:HAL_I2C_Slave_Transmit_IT	16	static
stm32f4xx_hal_i2c.c:1640:19:HAL_I2C_Slave_Receive_IT	16	static
stm32f4xx_hal_i2c.c:1722:19:HAL_I2C_Slave_Sequential_Transmit_IT	24	static
stm32f4xx_hal_i2c.c:1788:19:HAL_I2C_Slave_Sequential_Receive_IT	24	static
stm32f4xx_hal_i2c.c:1850:19:HAL_I2C_EnableListen_IT	0	static
stm32f4xx_hal_i2c.c:1883:19:HAL_I2C_DisableListen_IT	0	static
stm32f4xx_hal_i2c.c:1920:19:HAL_I2C_Master_Transmit_DMA	24	static
stm32f4xx_hal_i2c.c:2040:19:HAL_I2C_Master_Receive_DMA	24	static
stm32f4xx_hal_i2c.c:2208:19:HAL_I2C_Slave_Transmit_DMA	24	static
stm32f4xx_hal_i2c.c:2305:19:HAL_I2C_Slave_Receive_DMA	24	static
stm32f4xx_hal_i2c.c:2405:19:HAL_I2C_Mem_Write	40	static
stm32f4xx_hal_i2c.c:2538:19:HAL_I2C_Mem_Read	56	static
stm32f4xx_hal_i2c.c:2771:19:HAL_I2C_Mem_Write_IT	32	static
stm32f4xx_hal_i2c.c:2856:19:HAL_I2C_Mem_Read_IT	32	static
stm32f4xx_hal_i2c.c:2946:19:HAL_I2C_Mem_Write_DMA	56	static
stm32f4xx_hal_i2c.c:3068:19:HAL_I2C_Mem_Read_DMA	56	static
stm32f4xx_hal_i2c.c:3230:19:HAL_I2C_IsDeviceReady	56	static
stm32f4xx_hal_i2c.c:3533:13:HAL_I2C_MasterTxCpltCallback	0	static
stm32f4xx_hal_i2c.c:3549:13:HAL_I2C_MasterRxCpltCallback	0	static
stm32f4xx_hal_i2c.c:3564:13:HAL_I2C_SlaveTxCpltCallback	0	static
stm32f4xx_hal_i2c.c:3580:13:HAL_I2C_SlaveRxCpltCallback	0	static
stm32f4xx_hal_i2c.c:3598:13:HAL_I2C_AddrCallback	0	static
stm32f4xx_hal_i2c.c:3616:13:HAL_I2C_ListenCpltCallback	0	static
stm32f4xx_hal_i2c.c:3632:13:HAL_I2C_MemTxCpltCallback	0	static
stm32f4xx_hal_i2c.c:3648:13:HAL_I2C_MemRxCpltCallback	0	static
stm32f4xx_hal_i2c.c:3664:13:HAL_I2C_ErrorCallback	0	static
stm32f4xx_hal_i2c.c:5157:13:I2C_DMAError	8	static
stm32f4xx_hal_i2c.c:5093:13:I2C_DMAXferCplt	8	static
stm32f4xx_hal_i2c.c:3680:13:HAL_I2C_AbortCpltCallback	0	static
stm32f4xx_hal_i2c.c:4565:13:I2C_ITError	8	static
stm32f4xx_hal_i2c.c:2159:19:HAL_I2C_Master_Abort_IT	8	static
stm32f4xx_hal_i2c.c:3353:6:HAL_I2C_EV_IRQHandler	72	static
stm32f4xx_hal_i2c.c:3459:6:HAL_I2C_ER_IRQHandler	24	static
stm32f4xx_hal_i2c.c:5184:13:I2C_DMAAbort	8	static
stm32f4xx_hal_i2c.c:3715:22:HAL_I2C_GetState	0	static
stm32f4xx_hal_i2c.c:3727:21:HAL_I2C_GetMode	0	static
stm32f4xx_hal_i2c.c:3738:10:HAL_I2C_GetError	0	static
