stm32f4xx_hal_tim.c:4794:13:TIM_OC1_SetConfig	16	static
stm32f4xx_hal_tim.c:4859:13:TIM_OC3_SetConfig	16	static
stm32f4xx_hal_tim.c:4927:13:TIM_OC4_SetConfig	12	static
stm32f4xx_hal_tim.c:4985:13:TIM_SlaveTimer_SetConfig	12	static
stm32f4xx_hal_tim.c:275:13:HAL_TIM_Base_MspInit	0	static
stm32f4xx_hal_tim.c:290:13:HAL_TIM_Base_MspDeInit	0	static
stm32f4xx_hal_tim.c:247:19:HAL_TIM_Base_DeInit	8	static
stm32f4xx_hal_tim.c:305:19:HAL_TIM_Base_Start	0	static
stm32f4xx_hal_tim.c:329:19:HAL_TIM_Base_Stop	0	static
stm32f4xx_hal_tim.c:353:19:HAL_TIM_Base_Start_IT	0	static
stm32f4xx_hal_tim.c:374:19:HAL_TIM_Base_Stop_IT	0	static
stm32f4xx_hal_tim.c:396:19:HAL_TIM_Base_Start_DMA	8	static
stm32f4xx_hal_tim.c:441:19:HAL_TIM_Base_Stop_DMA	0	static
stm32f4xx_hal_tim.c:557:13:HAL_TIM_OC_MspInit	0	static
stm32f4xx_hal_tim.c:572:13:HAL_TIM_OC_MspDeInit	0	static
stm32f4xx_hal_tim.c:529:19:HAL_TIM_OC_DeInit	8	static
stm32f4xx_hal_tim.c:1069:13:HAL_TIM_PWM_MspInit	0	static
stm32f4xx_hal_tim.c:1084:13:HAL_TIM_PWM_MspDeInit	0	static
stm32f4xx_hal_tim.c:1041:19:HAL_TIM_PWM_DeInit	8	static
stm32f4xx_hal_tim.c:1584:13:HAL_TIM_IC_MspInit	0	static
stm32f4xx_hal_tim.c:1599:13:HAL_TIM_IC_MspDeInit	0	static
stm32f4xx_hal_tim.c:1556:19:HAL_TIM_IC_DeInit	8	static
stm32f4xx_hal_tim.c:2073:13:HAL_TIM_OnePulse_MspInit	0	static
stm32f4xx_hal_tim.c:2088:13:HAL_TIM_OnePulse_MspDeInit	0	static
stm32f4xx_hal_tim.c:2045:19:HAL_TIM_OnePulse_DeInit	8	static
stm32f4xx_hal_tim.c:2107:19:HAL_TIM_OnePulse_Start	0	static
stm32f4xx_hal_tim.c:2144:19:HAL_TIM_OnePulse_Stop	0	static
stm32f4xx_hal_tim.c:2181:19:HAL_TIM_OnePulse_Start_IT	0	static
stm32f4xx_hal_tim.c:2224:19:HAL_TIM_OnePulse_Stop_IT	0	static
stm32f4xx_hal_tim.c:2404:13:HAL_TIM_Encoder_MspInit	0	static
stm32f4xx_hal_tim.c:2419:13:HAL_TIM_Encoder_MspDeInit	0	static
stm32f4xx_hal_tim.c:2376:19:HAL_TIM_Encoder_DeInit	8	static
stm32f4xx_hal_tim.c:2439:19:HAL_TIM_Encoder_Start	0	static
stm32f4xx_hal_tim.c:2482:19:HAL_TIM_Encoder_Stop	0	static
stm32f4xx_hal_tim.c:2526:19:HAL_TIM_Encoder_Start_IT	0	static
stm32f4xx_hal_tim.c:2575:19:HAL_TIM_Encoder_Stop_IT	0	static
stm32f4xx_hal_tim.c:2630:19:HAL_TIM_Encoder_Start_DMA	24	static
stm32f4xx_hal_tim.c:2748:19:HAL_TIM_Encoder_Stop_DMA	0	static
stm32f4xx_hal_tim.c:3379:19:HAL_TIM_DMABurst_WriteStart	24	static
stm32f4xx_hal_tim.c:3604:19:HAL_TIM_DMABurst_ReadStart	24	static
stm32f4xx_hal_tim.c:3737:19:HAL_TIM_DMABurst_ReadStop	16	static
stm32f4xx_hal_tim.c:3511:19:HAL_TIM_DMABurst_WriteStop	0	static
stm32f4xx_hal_tim.c:3810:19:HAL_TIM_GenerateEvent	0	static
stm32f4xx_hal_tim.c:3848:19:HAL_TIM_ConfigOCrefClear	16	static
stm32f4xx_hal_tim.c:3951:19:HAL_TIM_ConfigClockSource	16	static
stm32f4xx_hal_tim.c:4112:19:HAL_TIM_ConfigTI1Input	0	static
stm32f4xx_hal_tim.c:4145:19:HAL_TIM_SlaveConfigSynchronization	16	static
stm32f4xx_hal_tim.c:4180:19:HAL_TIM_SlaveConfigSynchronization_IT	16	static
stm32f4xx_hal_tim.c:4219:10:HAL_TIM_ReadCapturedValue	0	static
stm32f4xx_hal_tim.c:4306:13:HAL_TIM_PeriodElapsedCallback	0	static
stm32f4xx_hal_tim.c:4764:13:TIM_DMAPeriodElapsedCplt	8	static
stm32f4xx_hal_tim.c:4321:13:HAL_TIM_OC_DelayElapsedCallback	0	static
stm32f4xx_hal_tim.c:4336:13:HAL_TIM_IC_CaptureCallback	0	static
stm32f4xx_hal_tim.c:4700:6:TIM_DMACaptureCplt	8	static
stm32f4xx_hal_tim.c:4351:13:HAL_TIM_PWM_PulseFinishedCallback	0	static
stm32f4xx_hal_tim.c:4651:6:TIM_DMADelayPulseCplt	8	static
stm32f4xx_hal_tim.c:4366:13:HAL_TIM_TriggerCallback	0	static
stm32f4xx_hal_tim.c:2811:6:HAL_TIM_IRQHandler	8	static
stm32f4xx_hal_tim.c:4779:13:TIM_DMATriggerCplt	8	static
stm32f4xx_hal_tim.c:4381:13:HAL_TIM_ErrorCallback	0	static
stm32f4xx_hal_tim.c:4685:6:TIM_DMAError	8	static
stm32f4xx_hal_tim.c:4414:22:HAL_TIM_Base_GetState	0	static
stm32f4xx_hal_tim.c:4425:22:HAL_TIM_OC_GetState	0	static
stm32f4xx_hal_tim.c:4436:22:HAL_TIM_PWM_GetState	0	static
stm32f4xx_hal_tim.c:4447:22:HAL_TIM_IC_GetState	0	static
stm32f4xx_hal_tim.c:4458:22:HAL_TIM_OnePulse_GetState	0	static
stm32f4xx_hal_tim.c:4469:22:HAL_TIM_Encoder_GetState	0	static
stm32f4xx_hal_tim.c:4483:6:TIM_Base_SetConfig	0	static
stm32f4xx_hal_tim.c:208:19:HAL_TIM_Base_Init	8	static
stm32f4xx_hal_tim.c:490:19:HAL_TIM_OC_Init	8	static
stm32f4xx_hal_tim.c:1002:19:HAL_TIM_PWM_Init	8	static
stm32f4xx_hal_tim.c:1517:19:HAL_TIM_IC_Init	8	static
stm32f4xx_hal_tim.c:1999:19:HAL_TIM_OnePulse_Init	16	static
stm32f4xx_hal_tim.c:2287:19:HAL_TIM_Encoder_Init	24	static
stm32f4xx_hal_tim.c:4542:6:TIM_TI1_SetConfig	16	static
stm32f4xx_hal_tim.c:3044:19:HAL_TIM_IC_ConfigChannel	24	static
stm32f4xx_hal_tim.c:4584:6:TIM_OC2_SetConfig	16	static
stm32f4xx_hal_tim.c:2974:19:HAL_TIM_OC_ConfigChannel	16	static
stm32f4xx_hal_tim.c:3141:19:HAL_TIM_PWM_ConfigChannel	16	static
stm32f4xx_hal_tim.c:3242:19:HAL_TIM_OnePulse_ConfigChannel	48	static
stm32f4xx_hal_tim.c:4741:6:TIM_CCxChannelCmd	8	static
stm32f4xx_hal_tim.c:626:19:HAL_TIM_OC_Stop	8	static
stm32f4xx_hal_tim.c:1105:19:HAL_TIM_PWM_Start	8	static
stm32f4xx_hal_tim.c:593:19:HAL_TIM_OC_Start	0	static
stm32f4xx_hal_tim.c:1138:19:HAL_TIM_PWM_Stop	8	static
stm32f4xx_hal_tim.c:1174:19:HAL_TIM_PWM_Start_IT	8	static
stm32f4xx_hal_tim.c:659:19:HAL_TIM_OC_Start_IT	0	static
stm32f4xx_hal_tim.c:1241:19:HAL_TIM_PWM_Stop_IT	8	static
stm32f4xx_hal_tim.c:726:19:HAL_TIM_OC_Stop_IT	0	static
stm32f4xx_hal_tim.c:1310:19:HAL_TIM_PWM_Start_DMA	16	static
stm32f4xx_hal_tim.c:795:19:HAL_TIM_OC_Start_DMA	0	static
stm32f4xx_hal_tim.c:1428:19:HAL_TIM_PWM_Stop_DMA	8	static
stm32f4xx_hal_tim.c:913:19:HAL_TIM_OC_Stop_DMA	0	static
stm32f4xx_hal_tim.c:1620:19:HAL_TIM_IC_Start	8	static
stm32f4xx_hal_tim.c:1647:19:HAL_TIM_IC_Stop	8	static
stm32f4xx_hal_tim.c:1674:19:HAL_TIM_IC_Start_IT	8	static
stm32f4xx_hal_tim.c:1734:19:HAL_TIM_IC_Stop_IT	8	static
stm32f4xx_hal_tim.c:1797:19:HAL_TIM_IC_Start_DMA	16	static
stm32f4xx_hal_tim.c:1911:19:HAL_TIM_IC_Stop_DMA	8	static
