main.c:226:6:HAL_UART_RxCpltCallback	8	static
main.c:268:6:HAL_UART_TxCpltCallback	0	static
main.c:281:6:HAL_I2C_MemRxCpltCallback	72	static
main.c:347:6:doTransmit	48	static
main.c:472:6:clearPIDdata	0	static
main.c:485:6:setCalibrationValues	0	static
main.c:502:6:calibrateMPU9250AccelerometerAndGyro	32	static
main.c:536:6:calibrateMPU9250Magnetometer	80	static
main.c:586:6:CAN_Motor_Stop	24	static
main.c:627:6:CAN_Motor_Start	24	static
main.c:669:6:Read_Futaba	48	static
main.c:1043:6:SystemClock_Config	96	static
main.c:766:5:main	184	static
main.c:1452:6:_Error_Handler	0	static
