stm32f4xx_it.c:86:6:NMI_Handler	0	static
stm32f4xx_it.c:99:6:HardFault_Handler	0	static
stm32f4xx_it.c:115:6:MemManage_Handler	0	static
stm32f4xx_it.c:131:6:BusFault_Handler	0	static
stm32f4xx_it.c:147:6:UsageFault_Handler	0	static
stm32f4xx_it.c:163:6:SVC_Handler	0	static
stm32f4xx_it.c:176:6:DebugMon_Handler	0	static
stm32f4xx_it.c:189:6:PendSV_Handler	0	static
stm32f4xx_it.c:202:6:SysTick_Handler	8	static
stm32f4xx_it.c:224:6:EXTI1_IRQHandler	8	static
stm32f4xx_it.c:254:6:EXTI2_IRQHandler	0	static
stm32f4xx_it.c:268:6:EXTI3_IRQHandler	0	static
stm32f4xx_it.c:282:6:EXTI4_IRQHandler	0	static
stm32f4xx_it.c:296:6:DMA1_Stream0_IRQHandler	0	static
stm32f4xx_it.c:310:6:DMA1_Stream4_IRQHandler	0	static
stm32f4xx_it.c:324:6:DMA1_Stream5_IRQHandler	0	static
stm32f4xx_it.c:338:6:ADC_IRQHandler	0	static
stm32f4xx_it.c:352:6:EXTI9_5_IRQHandler	8	static
stm32f4xx_it.c:375:6:I2C1_EV_IRQHandler	0	static
stm32f4xx_it.c:389:6:EXTI15_10_IRQHandler	16	static
stm32f4xx_it.c:412:6:UART4_IRQHandler	0	static
stm32f4xx_it.c:428:6:UART5_IRQHandler	0	static
stm32f4xx_it.c:441:6:TIM6_DAC_IRQHandler	0	static
stm32f4xx_it.c:455:6:USART6_IRQHandler	0	static
