stm32f4xx_hal_msp.c:55:6:HAL_MspInit	8	static
stm32f4xx_hal_msp.c:84:6:HAL_ADC_MspInit	32	static
stm32f4xx_hal_msp.c:111:6:HAL_ADC_MspDeInit	8	static
stm32f4xx_hal_msp.c:136:6:HAL_CAN_MspInit	32	static
stm32f4xx_hal_msp.c:166:6:HAL_CAN_MspDeInit	0	static
stm32f4xx_hal_msp.c:190:6:HAL_I2C_MspInit	40	static
stm32f4xx_hal_msp.c:243:6:HAL_I2C_MspDeInit	8	static
stm32f4xx_hal_msp.c:272:6:HAL_TIM_PWM_MspInit	8	static
stm32f4xx_hal_msp.c:289:6:HAL_TIM_Base_MspInit	16	static
stm32f4xx_hal_msp.c:320:6:HAL_TIM_MspPostInit	32	static
stm32f4xx_hal_msp.c:347:6:HAL_TIM_PWM_MspDeInit	0	static
stm32f4xx_hal_msp.c:364:6:HAL_TIM_Base_MspDeInit	0	static
stm32f4xx_hal_msp.c:395:6:HAL_UART_MspInit	56	static
stm32f4xx_hal_msp.c:519:6:HAL_UART_MspDeInit	8	static
